# Bake Begins!
### (1 of 6) Copy sources
$ cp -a /home/travis/build/fontdirectory/geo/METADATA.json /home/travis/build/fontdirectory/geo/builds/build
$ cp -a /home/travis/build/fontdirectory/geo/DESCRIPTION.en_us.html /home/travis/build/fontdirectory/geo/builds/build
$ cp -a Geo-Oblique.ttf.ttx Geo-Regular.ttf.ttx src/Geo-Oblique.otf.ttx src/Geo-Regular.otf.ttx src/Geo-Oblique-TTF.sfd src/Geo-Regular-TTF.sfd Geo-Oblique.ttf._n_a_m_e.ttx Geo-Oblique.ttf._g_a_s_p.ttx Geo-Oblique.ttf._c_v_t.ttx Geo-Oblique.ttf._f_p_g_m.ttx Geo-Oblique.ttf._c_m_a_p.ttx Geo-Oblique.ttf._m_a_x_p.ttx Geo-Oblique.ttf.GlyphOrder.ttx Geo-Oblique.ttf.G_D_E_F_.ttx Geo-Oblique.ttf.D_S_I_G_.ttx Geo-Oblique.ttf._l_o_c_a.ttx Geo-Oblique.ttf._g_l_y_f.ttx Geo-Oblique.ttf._h_e_a_d.ttx Geo-Oblique.ttf.O_S_2f_2.ttx Geo-Oblique.ttf._p_r_e_p.ttx Geo-Oblique.ttf._p_o_s_t.ttx Geo-Oblique.ttf._h_m_t_x.ttx Geo-Oblique.ttf._h_h_e_a.ttx Geo-Oblique.ttf.F_F_T_M_.ttx Geo-Regular.ttf._g_l_y_f.ttx Geo-Regular.ttf.D_S_I_G_.ttx Geo-Regular.ttf.G_D_E_F_.ttx Geo-Regular.ttf._g_a_s_p.ttx Geo-Regular.ttf._h_h_e_a.ttx Geo-Regular.ttf._p_r_e_p.ttx Geo-Regular.ttf._n_a_m_e.ttx Geo-Regular.ttf._m_a_x_p.ttx Geo-Regular.ttf._c_v_t.ttx Geo-Regular.ttf._f_p_g_m.ttx Geo-Regular.ttf._h_m_t_x.ttx Geo-Regular.ttf._h_e_a_d.ttx Geo-Regular.ttf._c_m_a_p.ttx Geo-Regular.ttf._p_o_s_t.ttx Geo-Regular.ttf.O_S_2f_2.ttx Geo-Regular.ttf.F_F_T_M_.ttx Geo-Regular.ttf.GlyphOrder.ttx Geo-Regular.ttf._l_o_c_a.ttx src/Geo-Oblique.otf.G_D_E_F_.ttx src/Geo-Oblique.otf.O_S_2f_2.ttx src/Geo-Oblique.otf._m_a_x_p.ttx src/Geo-Oblique.otf.C_F_F_.ttx src/Geo-Oblique.otf._h_h_e_a.ttx src/Geo-Oblique.otf.GlyphOrder.ttx src/Geo-Oblique.otf._p_o_s_t.ttx src/Geo-Oblique.otf._n_a_m_e.ttx src/Geo-Oblique.otf._c_m_a_p.ttx src/Geo-Oblique.otf._h_m_t_x.ttx src/Geo-Oblique.otf._h_e_a_d.ttx src/Geo-Oblique.otf.F_F_T_M_.ttx src/Geo-Regular.otf._h_e_a_d.ttx src/Geo-Regular.otf.C_F_F_.ttx src/Geo-Regular.otf.O_S_2f_2.ttx src/Geo-Regular.otf._c_m_a_p.ttx src/Geo-Regular.otf._h_m_t_x.ttx src/Geo-Regular.otf.GlyphOrder.ttx src/Geo-Regular.otf._h_h_e_a.ttx src/Geo-Regular.otf._m_a_x_p.ttx src/Geo-Regular.otf.F_F_T_M_.ttx src/Geo-Regular.otf._p_o_s_t.ttx src/Geo-Regular.otf._n_a_m_e.ttx /home/travis/build/fontdirectory/geo/builds/build/sources
### (2 of 6) pyfontaine
### (3 of 6) Run upstream tests
$ fontbakery-check.py upstream-repo sources
bakery_lint.tests.upstream.test_check_upstream_sources.ProjectUpstreamTestCase.test_bakery_yaml_exists(): OK
bakery_lint.tests.upstream.test_check_upstream_sources.ProjectUpstreamTestCase.test_copyright_notices_same_across_family(): OK
bakery_lint.tests.upstream.test_check_upstream_sources.ProjectUpstreamTestCase.test_description_html_exists(): OK
bakery_lint.tests.upstream.test_check_upstream_sources.ProjectUpstreamTestCase.test_fontlog_txt_exists(): FAIL
bakery_lint.tests.upstream.test_check_upstream_sources.ProjectUpstreamTestCase.test_metadata_json_exists(): OK
$ fontaine --collections subsets --text /home/travis/build/fontdirectory/geo/builds/build/sources/Geo-Oblique.ttf.ttx /home/travis/build/fontdirectory/geo/builds/build/sources/Geo-Regular.ttf.ttx /home/travis/build/fontdirectory/geo/builds/build/sources/Geo-Oblique.otf.ttx /home/travis/build/fontdirectory/geo/builds/build/sources/Geo-Regular.otf.ttx /home/travis/build/fontdirectory/geo/builds/build/sources/Geo-Oblique-TTF.sfd /home/travis/build/fontdirectory/geo/builds/build/sources/Geo-Regular-TTF.sfd > fontaine.txt
WARNING: Please install [PyICU](https://pypi.python.org/pypi/PyICU) toenable [feature], perhaps with: pip install pyicu
bakery_lint.tests.upstream.test_prepolation.FontTestPrepolation.test_font_prepolation_glyph_contours(): OK
pyfontaine error: Not a TrueType or OpenType font (bad sfntVersion)
pyfontaine process has been failed
bakery_lint.tests.upstream.test_prepolation.FontTestPrepolation.test_font_prepolation_glyph_points(): OK
bakery_lint.tests.upstream.test_prepolation.FontTestPrepolation.test_font_test_prepolation_glyph_names(): OK
bakery_lint.tests.upstream.test_diacritic.TestDiacritic.test_diacritic_made_as_component(): OK
bakery_lint.tests.upstream.test_diacritic.TestDiacritic.test_diacritic_made_as_mark_to_mark(): OK
bakery_lint.tests.upstream.test_diacritic.TestDiacritic.test_diacritic_made_as_own_glyphs(): OK
$ fontbakery-check.py upstream-ttx Geo-Oblique.ttf.ttx
bakery_lint.tests.upstream.test_font_filename_eq_familystyle.TestTTFSourceFontFileNameEqualsFamilyStyle.test_source_ttf_font_filename_equals_familystyle(): FAIL
$ mv /home/travis/build/fontdirectory/geo/builds/build/sources/Geo-Oblique.ttf.ttx /home/travis/build/fontdirectory/geo/builds/build/sources/Geo-Oblique.ttx
bakery_lint.tests.upstream.test_font_filename_eq_familystyle.TestTTFSourceFontFileNameEqualsFamilyStyle.test_source_ttf_font_filename_equals_familystyle(): OK
bakery_lint.tests.upstream.test_glyphname_does_not_contain_disallowed_chars.TestGlyphNameDoesNotContainsDisallowedChars.test_glyphname_does_not_contain_disallowed_chars(): FAIL
bakery_lint.tests.upstream.test_check_ttx_fontfamily_recommendations.TTX_FontFamilyNamingTest.test_ttx_family_naming_recommendation(): OK
bakery_lint.tests.upstream.test_check_ttx_requirements.SourceTTXTest.test_epar_in_keys(): FAIL
bakery_lint.tests.upstream.test_check_ttx_requirements.SourceTTXTest.test_os2_in_keys(): OK
bakery_lint.tests.upstream.test_check_ttx_requirements.SourceTTXTest.test_ttx_doesnt_contain_duplicate_glyphs(): OK
$ fontbakery-check.py upstream-ttx Geo-Regular.ttf.ttx
bakery_lint.tests.upstream.test_font_filename_eq_familystyle.TestTTFSourceFontFileNameEqualsFamilyStyle.test_source_ttf_font_filename_equals_familystyle(): FAIL
$ mv /home/travis/build/fontdirectory/geo/builds/build/sources/Geo-Regular.ttf.ttx /home/travis/build/fontdirectory/geo/builds/build/sources/Geo-Regular.ttx
bakery_lint.tests.upstream.test_font_filename_eq_familystyle.TestTTFSourceFontFileNameEqualsFamilyStyle.test_source_ttf_font_filename_equals_familystyle(): OK
bakery_lint.tests.upstream.test_glyphname_does_not_contain_disallowed_chars.TestGlyphNameDoesNotContainsDisallowedChars.test_glyphname_does_not_contain_disallowed_chars(): FAIL
bakery_lint.tests.upstream.test_check_ttx_fontfamily_recommendations.TTX_FontFamilyNamingTest.test_ttx_family_naming_recommendation(): OK
bakery_lint.tests.upstream.test_check_ttx_requirements.SourceTTXTest.test_epar_in_keys(): FAIL
bakery_lint.tests.upstream.test_check_ttx_requirements.SourceTTXTest.test_os2_in_keys(): OK
bakery_lint.tests.upstream.test_check_ttx_requirements.SourceTTXTest.test_ttx_doesnt_contain_duplicate_glyphs(): OK
$ fontbakery-check.py upstream-ttx Geo-Oblique.otf.ttx
bakery_lint.tests.upstream.test_font_filename_eq_familystyle.TestTTFSourceFontFileNameEqualsFamilyStyle.test_source_ttf_font_filename_equals_familystyle(): FAIL
$ mv /home/travis/build/fontdirectory/geo/builds/build/sources/Geo-Oblique.otf.ttx /home/travis/build/fontdirectory/geo/builds/build/sources/Geo-Oblique.ttx
bakery_lint.tests.upstream.test_font_filename_eq_familystyle.TestTTFSourceFontFileNameEqualsFamilyStyle.test_source_ttf_font_filename_equals_familystyle(): OK
bakery_lint.tests.upstream.test_glyphname_does_not_contain_disallowed_chars.TestGlyphNameDoesNotContainsDisallowedChars.test_glyphname_does_not_contain_disallowed_chars(): OK
bakery_lint.tests.upstream.test_check_ttx_fontfamily_recommendations.TTX_FontFamilyNamingTest.test_ttx_family_naming_recommendation(): OK
bakery_lint.tests.upstream.test_check_ttx_requirements.SourceTTXTest.test_epar_in_keys(): FAIL
bakery_lint.tests.upstream.test_check_ttx_requirements.SourceTTXTest.test_os2_in_keys(): OK
bakery_lint.tests.upstream.test_check_ttx_requirements.SourceTTXTest.test_ttx_doesnt_contain_duplicate_glyphs(): OK
$ fontbakery-check.py upstream-ttx Geo-Regular.otf.ttx
bakery_lint.tests.upstream.test_font_filename_eq_familystyle.TestTTFSourceFontFileNameEqualsFamilyStyle.test_source_ttf_font_filename_equals_familystyle(): FAIL
$ mv /home/travis/build/fontdirectory/geo/builds/build/sources/Geo-Regular.otf.ttx /home/travis/build/fontdirectory/geo/builds/build/sources/Geo-Medium.ttx
bakery_lint.tests.upstream.test_font_filename_eq_familystyle.TestTTFSourceFontFileNameEqualsFamilyStyle.test_source_ttf_font_filename_equals_familystyle(): OK
bakery_lint.tests.upstream.test_glyphname_does_not_contain_disallowed_chars.TestGlyphNameDoesNotContainsDisallowedChars.test_glyphname_does_not_contain_disallowed_chars(): OK
bakery_lint.tests.upstream.test_check_ttx_fontfamily_recommendations.TTX_FontFamilyNamingTest.test_ttx_family_naming_recommendation(): OK
bakery_lint.tests.upstream.test_check_ttx_requirements.SourceTTXTest.test_epar_in_keys(): FAIL
bakery_lint.tests.upstream.test_check_ttx_requirements.SourceTTXTest.test_os2_in_keys(): OK
bakery_lint.tests.upstream.test_check_ttx_requirements.SourceTTXTest.test_ttx_doesnt_contain_duplicate_glyphs(): OK
$ fontbakery-check.py upstream Geo-Oblique-TTF.sfd
bakery_lint.tests.upstream.test_check_ufo_requirements.UfoOpenTest.test_has_rupee(): ERROR
bakery_lint.tests.upstream.test_check_ufo_requirements.UfoOpenTest.test_is_A(): ERROR
bakery_lint.tests.upstream.test_check_ufo_requirements.UfoOpenTest.test_is_A_a_glyph_instance(): ERROR
bakery_lint.tests.upstream.test_check_ufo_requirements.UfoOpenTest.test_is_ended_ufo(): ERROR
bakery_lint.tests.upstream.test_check_ufo_requirements.UfoOpenTest.test_is_folder(): ERROR
bakery_lint.tests.upstream.test_check_ufo_requirements.UfoOpenTest.test_is_fsType_eq_1(): ERROR
bakery_lint.tests.upstream.test_check_ufo_requirements.UfoOpenTest.test_it_exists(): ERROR
bakery_lint.tests.upstream.test_font_filename_eq_familystyle.TestTTFSourceFontFileNameEqualsFamilyStyle.test_source_ttf_font_filename_equals_familystyle(): ERROR
bakery_lint.tests.upstream.test_unicode_value_should_appear_only_once_per_font.UnicodeValueShouldAppearOnlyOnce.testUnicodeValue(): ERROR
bakery_lint.tests.upstream.test_check_ufo_fontfamily_recommendations.TestUFOFontFamilyNamingTest.test_familyname_less_than_32_chars(): OK
bakery_lint.tests.upstream.test_check_ufo_fontfamily_recommendations.TestUFOFontFamilyNamingTest.test_fullfontname_less_than_64_chars(): OK
bakery_lint.tests.upstream.test_check_ufo_fontfamily_recommendations.TestUFOFontFamilyNamingTest.test_postscriptname_consistof_allowed_chars(): OK
bakery_lint.tests.upstream.test_check_ufo_fontfamily_recommendations.TestUFOFontFamilyNamingTest.test_postscriptname_less_than_30_chars(): OK
bakery_lint.tests.upstream.test_check_ufo_fontfamily_recommendations.TestUFOFontFamilyNamingTest.test_stylename_less_than_32_chars(): OK
bakery_lint.tests.upstream.test_check_ufo_fontfamily_recommendations.TestUFOFontFamilyNamingTest.test_weight_value_range_between_250_and_900(): OK
bakery_lint.tests.upstream.test_contour_count.TestContourCount.test_contour_count(): ERROR
$ fontbakery-check.py upstream Geo-Regular-TTF.sfd
bakery_lint.tests.upstream.test_check_ufo_requirements.UfoOpenTest.test_has_rupee(): ERROR
bakery_lint.tests.upstream.test_check_ufo_requirements.UfoOpenTest.test_is_A(): ERROR
bakery_lint.tests.upstream.test_check_ufo_requirements.UfoOpenTest.test_is_A_a_glyph_instance(): ERROR
bakery_lint.tests.upstream.test_check_ufo_requirements.UfoOpenTest.test_is_ended_ufo(): ERROR
bakery_lint.tests.upstream.test_check_ufo_requirements.UfoOpenTest.test_is_folder(): ERROR
bakery_lint.tests.upstream.test_check_ufo_requirements.UfoOpenTest.test_is_fsType_eq_1(): ERROR
bakery_lint.tests.upstream.test_check_ufo_requirements.UfoOpenTest.test_it_exists(): ERROR
bakery_lint.tests.upstream.test_font_filename_eq_familystyle.TestTTFSourceFontFileNameEqualsFamilyStyle.test_source_ttf_font_filename_equals_familystyle(): ERROR
bakery_lint.tests.upstream.test_unicode_value_should_appear_only_once_per_font.UnicodeValueShouldAppearOnlyOnce.testUnicodeValue(): ERROR
bakery_lint.tests.upstream.test_check_ufo_fontfamily_recommendations.TestUFOFontFamilyNamingTest.test_familyname_less_than_32_chars(): OK
bakery_lint.tests.upstream.test_check_ufo_fontfamily_recommendations.TestUFOFontFamilyNamingTest.test_fullfontname_less_than_64_chars(): OK
bakery_lint.tests.upstream.test_check_ufo_fontfamily_recommendations.TestUFOFontFamilyNamingTest.test_postscriptname_consistof_allowed_chars(): OK
bakery_lint.tests.upstream.test_check_ufo_fontfamily_recommendations.TestUFOFontFamilyNamingTest.test_postscriptname_less_than_30_chars(): OK
bakery_lint.tests.upstream.test_check_ufo_fontfamily_recommendations.TestUFOFontFamilyNamingTest.test_stylename_less_than_32_chars(): OK
bakery_lint.tests.upstream.test_check_ufo_fontfamily_recommendations.TestUFOFontFamilyNamingTest.test_weight_value_range_between_250_and_900(): OK
bakery_lint.tests.upstream.test_contour_count.TestContourCount.test_contour_count(): ERROR
### (4 of 6) Convert sources to TTF
$ ttx -d /home/travis/build/fontdirectory/geo/builds/build /home/travis/build/fontdirectory/geo/builds/build/sources/Geo-Medium.ttx /home/travis/build/fontdirectory/geo/builds/build/sources/Geo-Regular.ttx /home/travis/build/fontdirectory/geo/builds/build/sources/Geo-Oblique.ttx
$ fontbakery-build-font2ttf.py sources/Geo-Medium.otf Geo-Medium.ttf
Success: Generated OpenType-TTF (/home/travis/build/fontdirectory/geo/builds/build/Geo-Medium.ttf)
strippedname:/home/travis/build/fontdirectory/geo/builds/build/sources/Geo-Oblique-TTF.sfd
strippedname:/home/travis/build/fontdirectory/geo/builds/build/sources/Geo-Regular-TTF.sfd
Compiling "/home/travis/build/fontdirectory/geo/builds/build/sources/Geo-Medium.ttx" to "/home/travis/build/fontdirectory/geo/builds/build/Geo-Medium.otf"...
Parsing 'GlyphOrder' table...
Parsing 'head' table...
Parsing 'hhea' table...
Parsing 'maxp' table...
Parsing 'OS/2' table...
Parsing 'name' table...
Parsing 'cmap' table...
Parsing 'post' table...
Parsing 'CFF ' table...
Parsing 'FFTM' table...
Parsing 'hmtx' table...
Compiling "/home/travis/build/fontdirectory/geo/builds/build/sources/Geo-Regular.ttx" to "/home/travis/build/fontdirectory/geo/builds/build/Geo-Regular.ttf"...
Parsing 'GlyphOrder' table...
Parsing 'head' table...
Parsing 'hhea' table...
Parsing 'maxp' table...
Parsing 'OS/2' table...
Parsing 'hmtx' table...
Parsing 'cmap' table...
Parsing 'fpgm' table...
Parsing 'prep' table...
Parsing 'cvt ' table...
Parsing 'loca' table...
Parsing 'glyf' table...
Parsing 'name' table...
Parsing 'post' table...
Parsing 'gasp' table...
Parsing 'FFTM' table...
Parsing 'GDEF' table...
Parsing 'DSIG' table...
Compiling "/home/travis/build/fontdirectory/geo/builds/build/sources/Geo-Oblique.ttx" to "/home/travis/build/fontdirectory/geo/builds/build/Geo-Oblique.otf"...
Parsing 'GlyphOrder' table...
Parsing 'head' table...
Parsing 'hhea' table...
Parsing 'maxp' table...
Parsing 'OS/2' table...
Parsing 'name' table...
Parsing 'cmap' table...
Parsing 'post' table...
Parsing 'CFF ' table...
Parsing 'FFTM' table...
Parsing 'GDEF' table...
Parsing 'hmtx' table...
strippedname:/home/travis/build/fontdirectory/geo/builds/build/Geo-Medium.otf
### Test Geo-Medium.ttf
$ fontbakery-check.py result Geo-Medium.ttf
bakery_lint.tests.downstream.test_names_are_ascii_only.CheckNamesAreASCIIOnly.test_check_names_are_ascii_only(): OK
bakery_lint.tests.downstream.test_check_full_font_name_begins_with_family_name.CheckFullFontNameBeginsWithFamilyName.test_check_full_font_name_begins_with_family_name(): OK
bakery_lint.tests.downstream.test_check_vertical_metrics.CheckVerticalLinegapMetrics.test_metrics_linegaps_are_zero(): FAIL
$ fontbakery-fix-vertical-metrics.py --autofix /home/travis/build/fontdirectory/geo/builds/build/Geo-Medium.ttf /home/travis/build/fontdirectory/geo/builds/build/Geo-Oblique.otf /home/travis/build/fontdirectory/geo/builds/build/Geo-Regular.ttf
$ mv /home/travis/build/fontdirectory/geo/builds/build/Geo-Medium.ttf.fix /home/travis/build/fontdirectory/geo/builds/build/Geo-Medium.ttf
$ mv /home/travis/build/fontdirectory/geo/builds/build/Geo-Oblique.otf.fix /home/travis/build/fontdirectory/geo/builds/build/Geo-Oblique.otf
$ mv /home/travis/build/fontdirectory/geo/builds/build/Geo-Regular.ttf.fix /home/travis/build/fontdirectory/geo/builds/build/Geo-Regular.ttf
$ fontbakery-fix-vertical-metrics.py /home/travis/build/fontdirectory/geo/builds/build/Geo-Medium.ttf /home/travis/build/fontdirectory/geo/builds/build/Geo-Oblique.otf /home/travis/build/fontdirectory/geo/builds/build/Geo-Regular.ttf
Parameter              Geo-Medium.ttf    Geo-Oblique.otf    Geo-Regular.ttf    
ymax                   802               802                821                
hhea.ascent            821               821                821                
OS/2.sTypoAscender     821               821                821                
OS/2.usWinAscent       821               821                821                
ymin                   -220              -220               -225               
hhea.descent           -225              -225               -225               
OS/2.sTypoDescender    -225              -225               -225               
OS/2.usWinDescent      225               225                225                
hhea.lineGap           0                 0                  0                  
OS/2.sTypoLineGap      0                 0                  0                  
hhea total             1046              1046               1046               
typo total             1046              1046               1046               
win total              1046              1046               1046               
UPM:Heights            1000:1022         1000:1022          1024:1046          
UPM:Heights %          102 %             102 %              102 %              


bakery_lint.tests.downstream.test_check_vertical_metrics.CheckVerticalLinegapMetrics.test_metrics_linegaps_are_zero(): OK
bakery_lint.tests.downstream.test_check_vertical_metrics.CheckVerticalAscentMetrics.test_metrics_ascents_equal_bbox(): OK
bakery_lint.tests.downstream.test_check_vertical_metrics.CheckVerticalDescentMetrics.test_metrics_descents_equal_bbox(): OK
bakery_lint.tests.downstream.test_check_italic_angle_agreement.CheckItalicAngleAgreement.test_check_italic_angle_agreement(): OK
The following table(s) in the font have been ignored by FontForge
  Ignoring 'DSIG' digital signature table
bakery_lint.tests.downstream.test_fontforge_validation_state.FontForgeValidateStateTest.test_allowed_numbers_paths_in_composite_glyphs(): OK
bakery_lint.tests.downstream.test_fontforge_validation_state.FontForgeValidateStateTest.test_allowed_numbers_paths_in_glyphs(): OK
bakery_lint.tests.downstream.test_fontforge_validation_state.FontForgeValidateStateTest.test_allowed_numbers_points_in_composite_glyphs(): OK
bakery_lint.tests.downstream.test_fontforge_validation_state.FontForgeValidateStateTest.test_allowed_numbers_points_in_glyphs(): OK
bakery_lint.tests.downstream.test_fontforge_validation_state.FontForgeValidateStateTest.test_duplicate_glyphs(): OK
bakery_lint.tests.downstream.test_fontforge_validation_state.FontForgeValidateStateTest.test_duplicate_unicode_codepoints(): OK
bakery_lint.tests.downstream.test_fontforge_validation_state.FontForgeValidateStateTest.test_flipped_reference_in_glyphs(): OK
bakery_lint.tests.downstream.test_fontforge_validation_state.FontForgeValidateStateTest.test_missing_anchors(): OK
bakery_lint.tests.downstream.test_fontforge_validation_state.FontForgeValidateStateTest.test_missing_extrema_in_glyphs(): OK
bakery_lint.tests.downstream.test_fontforge_validation_state.FontForgeValidateStateTest.test_overlapped_hints(): OK
bakery_lint.tests.downstream.test_fontforge_validation_state.FontForgeValidateStateTest.test_points_are_integer_aligned(): OK
bakery_lint.tests.downstream.test_fontforge_validation_state.FontForgeValidateStateTest.test_points_are_not_too_far_apart(): OK
bakery_lint.tests.downstream.test_fontforge_validation_state.FontForgeValidateStateTest.test_postscript_hasnt_limit_hints_in_glyphs(): OK
bakery_lint.tests.downstream.test_fontforge_validation_state.FontForgeValidateStateTest.test_postscript_hasnt_limit_points_in_glyphs(): OK
bakery_lint.tests.downstream.test_fontforge_validation_state.FontForgeValidateStateTest.test_referenced_glyphs_are_present(): OK
bakery_lint.tests.downstream.test_fontforge_validation_state.FontForgeValidateStateTest.test_valid_glyph_names(): OK
bakery_lint.tests.downstream.test_fontforge_validation_state.FontForgeValidateStateTest.test_valid_length_instructions(): OK
bakery_lint.tests.downstream.test_fontforge_validation_state.FontForgeValidateStateTest.test_validation_glyph_intersect(): OK
bakery_lint.tests.downstream.test_fontforge_validation_state.FontForgeValidateStateTest.test_validation_open_contours(): OK
bakery_lint.tests.downstream.test_fontforge_validation_state.FontForgeValidateStateTest.test_wrong_direction_in_glyphs(): OK
bakery_lint.tests.downstream.test_check_no_problematic_formats.CheckNoProblematicFormats.test_check_no_problematic_formats(): OK
bakery_lint.tests.downstream.test_check_upm_heights_less_120.TestCheckUPMHeightsLess120.test_check_upm_heigths_less_120(): OK
bakery_lint.tests.downstream.test_check_font_tables.CheckFontHasDsigTable.test_check_font_has_dsig_table(): OK
bakery_lint.tests.downstream.test_check_font_tables.CheckFontHasNotKernTable.test_no_kern_table_exists(): OK
bakery_lint.tests.downstream.test_check_os2_width_class.CheckOS2WidthClass.test_check_os2_width_class(): OK
bakery_lint.tests.downstream.test_check_glyf_table_length.CheckGlyfTableLength.test_check_glyf_table_length(): FAIL
bakery_lint.tests.downstream.test_check_name_table_recommendation.CheckStyleNameRecommendation.test_check_stylename_is_under_recommendations(): FAIL
$ fontbakery-fix-opentype-names.py /home/travis/build/fontdirectory/geo/builds/build/Geo-Medium.ttf
$ mv /home/travis/build/fontdirectory/geo/builds/build/Geo-Medium.ttf.fix /home/travis/build/fontdirectory/geo/builds/build/Geo-Medium.ttf
bakery_lint.tests.downstream.test_check_name_table_recommendation.CheckStyleNameRecommendation.test_check_stylename_is_under_recommendations(): FAIL
bakery_lint.tests.downstream.test_check_name_table_recommendation.CheckOTFamilyNameRecommendation.test_check_opentype_familyname(): OK
bakery_lint.tests.downstream.test_check_name_table_recommendation.CheckOTStyleNameRecommendation.test_check_opentype_stylename(): FAIL
$ fontbakery-fix-opentype-names.py /home/travis/build/fontdirectory/geo/builds/build/Geo-Medium.ttf
$ mv /home/travis/build/fontdirectory/geo/builds/build/Geo-Medium.ttf.fix /home/travis/build/fontdirectory/geo/builds/build/Geo-Medium.ttf
bakery_lint.tests.downstream.test_check_name_table_recommendation.CheckOTStyleNameRecommendation.test_check_opentype_stylename(): FAIL
bakery_lint.tests.downstream.test_check_name_table_recommendation.CheckOTFullNameRecommendation.test_check_opentype_fullname(): OK
bakery_lint.tests.downstream.test_check_hmtx_hhea_max_advance_width_agreement.CheckHmtxHheaMaxAdvanceWidthAgreement.test_check_hmtx_hhea_max_advance_width_agreement(): OK
bakery_lint.tests.downstream.test_gpos_table_has_kerning_info.CheckGposTableHasKerningInfo.test_gpos_table_has_kerning_info(): FAIL
bakery_lint.tests.downstream.test_check_names_same_across_platforms.CheckNamesSameAcrossPlatforms.test_check_names_same_across_platforms(): OK
bakery_lint.tests.downstream.test_check_panose_identification.CheckPanoseIdentification.test_check_panose_identification(): OK
bakery_lint.tests.downstream.test_check_unencoded_glyph.TestFontUnencodedGlyph.test_font_unencoded_glyphs(): FAIL
$ fontbakery-fix-glyph-private-encoding.py --autofix /home/travis/build/fontdirectory/geo/builds/build/Geo-Medium.ttf
$ mv /home/travis/build/fontdirectory/geo/builds/build/Geo-Medium.ttf.fix /home/travis/build/fontdirectory/geo/builds/build/Geo-Medium.ttf
bakery_lint.tests.downstream.test_check_unencoded_glyph.TestFontUnencodedGlyph.test_font_unencoded_glyphs(): FAIL
bakery_lint.tests.downstream.test_check_magic_prep_code.CheckMagicPREPByteCode.test_prep_magic_code(): FAIL
bakery_lint.tests.downstream.test_check_glyph_existence.CheckGlyphExistence.test_euro(): FAIL
bakery_lint.tests.downstream.test_check_glyph_existence.CheckGlyphExistence.test_nbsp(): OK
bakery_lint.tests.downstream.test_check_glyph_existence.CheckGlyphExistence.test_space(): OK
bakery_lint.tests.downstream.test_check_nbsp_width_matches_sp_width.CheckNbspWidthMatchesSpWidth.test_check_nbsp_width_matches_sp_width(): FAIL
$ fontbakery-fix-nbsp.py /home/travis/build/fontdirectory/geo/builds/build/Geo-Medium.ttf
$ mv /home/travis/build/fontdirectory/geo/builds/build/Geo-Medium.ttf.fix /home/travis/build/fontdirectory/geo/builds/build/Geo-Medium.ttf
bakery_lint.tests.downstream.test_check_nbsp_width_matches_sp_width.CheckNbspWidthMatchesSpWidth.test_check_nbsp_width_matches_sp_width(): FAIL
bakery_lint.tests.downstream.test_check_unused_glyph_data.CheckUnusedGlyphData.test_check_unused_glyph_data(): ERROR
bakery_lint.tests.downstream.test_check_license_included.CheckLicenseIncluded.test_license_included_in_font_names(): ERROR
bakery_lint.tests.downstream.test_check_fontname_matches_macstyle.CheckFontNameEqualToMacStyleFlags.test_fontname_is_equal_to_macstyle(): FAIL
bakery_lint.tests.downstream.test_gasp_table_value.CheckGaspTableType.test_check_gasp_table_type(): FAIL
$ fontbakery-fix-gasp.py --set=15 /home/travis/build/fontdirectory/geo/builds/build/Geo-Medium.ttf
$ mv /home/travis/build/fontdirectory/geo/builds/build/Geo-Medium.ttf.fix /home/travis/build/fontdirectory/geo/builds/build/Geo-Medium.ttf
bakery_lint.tests.downstream.test_gasp_table_value.CheckGaspTableType.test_check_gasp_table_type(): OK
$ fontbakery-fix-gasp.py --set=15 /home/travis/build/fontdirectory/geo/builds/build/Geo-Medium.ttf
$ mv /home/travis/build/fontdirectory/geo/builds/build/Geo-Medium.ttf.fix /home/travis/build/fontdirectory/geo/builds/build/Geo-Medium.ttf
bakery_lint.tests.downstream.test_check_font_agreements.CheckFsTypeIsNotSet.test_is_fstype_not_set(): OK
$ fontbakery-fix-fstype.py --autofix /home/travis/build/fontdirectory/geo/builds/build/Geo-Medium.ttf
$ mv /home/travis/build/fontdirectory/geo/builds/build/Geo-Medium.ttf.fix /home/travis/build/fontdirectory/geo/builds/build/Geo-Medium.ttf
bakery_lint.tests.downstream.test_check_font_agreements.CheckFontAgreements.test_em_is_1000(): OK
bakery_lint.tests.downstream.test_check_font_agreements.CheckFontAgreements.test_font_is_font(): OK
bakery_lint.tests.downstream.test_check_font_agreements.CheckFontAgreements.test_latin_file_exists(): FAIL
bakery_lint.tests.downstream.test_check_font_agreements.CheckFontAgreements.test_menu_file_exists(): FAIL
### Optimize TTF Geo-Medium.ttf
$ ls -l 'Geo-Medium.ttf'* # look at the size savings of that subset process
Geo-Medium.ttf.opt: 12852 bytes
Geo-Medium.ttf: 14060 bytes
$ mv /home/travis/build/fontdirectory/geo/builds/build/Geo-Medium.ttf.opt /home/travis/build/fontdirectory/geo/builds/build/Geo-Medium.ttf
### Autohint TTFs (ttfautohint) Geo-Medium.ttf
$ ttfautohint -l 7 -r 28 -G 50 -x 13 -w "G" /home/travis/build/fontdirectory/geo/builds/build/Geo-Medium.ttf '/home/travis/build/fontdirectory/geo/builds/build/Geo-Medium.autohint.ttf'

$ ls -l /home/travis/build/fontdirectory/geo/builds/build/Geo-Medium.*ttf # look at the size savings of that subset process
/home/travis/build/fontdirectory/geo/builds/build/Geo-Medium.ttf: 12852 bytes
/home/travis/build/fontdirectory/geo/builds/build/Geo-Medium.autohint.ttf: 25924 bytes
$ mv /home/travis/build/fontdirectory/geo/builds/build/Geo-Medium.autohint.ttf /home/travis/build/fontdirectory/geo/builds/build/Geo-Medium.ttf
### Subset TTFs (pyftsubset) Geo-Medium.ttf
$ pyftsubset Geo-Medium.latin
$ pyftsubset Geo-Medium.menu
strippedname:/home/travis/build/fontdirectory/geo/builds/build/Geo-Medium.ttf
spaceWidth is    200
nbspWidth is     200
Nothing to do
### Test Geo-Regular.ttf
$ fontbakery-check.py result Geo-Regular.ttf
bakery_lint.tests.downstream.test_names_are_ascii_only.CheckNamesAreASCIIOnly.test_check_names_are_ascii_only(): OK
bakery_lint.tests.downstream.test_check_full_font_name_begins_with_family_name.CheckFullFontNameBeginsWithFamilyName.test_check_full_font_name_begins_with_family_name(): OK
bakery_lint.tests.downstream.test_check_vertical_metrics.CheckVerticalLinegapMetrics.test_metrics_linegaps_are_zero(): OK
bakery_lint.tests.downstream.test_check_vertical_metrics.CheckVerticalAscentMetrics.test_metrics_ascents_equal_bbox(): OK
bakery_lint.tests.downstream.test_check_vertical_metrics.CheckVerticalDescentMetrics.test_metrics_descents_equal_bbox(): OK
bakery_lint.tests.downstream.test_check_italic_angle_agreement.CheckItalicAngleAgreement.test_check_italic_angle_agreement(): OK
The following table(s) in the font have been ignored by FontForge
  Ignoring 'DSIG' digital signature table
bakery_lint.tests.downstream.test_fontforge_validation_state.FontForgeValidateStateTest.test_allowed_numbers_paths_in_composite_glyphs(): OK
bakery_lint.tests.downstream.test_fontforge_validation_state.FontForgeValidateStateTest.test_allowed_numbers_paths_in_glyphs(): OK
bakery_lint.tests.downstream.test_fontforge_validation_state.FontForgeValidateStateTest.test_allowed_numbers_points_in_composite_glyphs(): OK
bakery_lint.tests.downstream.test_fontforge_validation_state.FontForgeValidateStateTest.test_allowed_numbers_points_in_glyphs(): OK
bakery_lint.tests.downstream.test_fontforge_validation_state.FontForgeValidateStateTest.test_duplicate_glyphs(): OK
bakery_lint.tests.downstream.test_fontforge_validation_state.FontForgeValidateStateTest.test_duplicate_unicode_codepoints(): OK
bakery_lint.tests.downstream.test_fontforge_validation_state.FontForgeValidateStateTest.test_flipped_reference_in_glyphs(): OK
bakery_lint.tests.downstream.test_fontforge_validation_state.FontForgeValidateStateTest.test_missing_anchors(): OK
bakery_lint.tests.downstream.test_fontforge_validation_state.FontForgeValidateStateTest.test_missing_extrema_in_glyphs(): OK
bakery_lint.tests.downstream.test_fontforge_validation_state.FontForgeValidateStateTest.test_overlapped_hints(): OK
bakery_lint.tests.downstream.test_fontforge_validation_state.FontForgeValidateStateTest.test_points_are_integer_aligned(): OK
bakery_lint.tests.downstream.test_fontforge_validation_state.FontForgeValidateStateTest.test_points_are_not_too_far_apart(): OK
bakery_lint.tests.downstream.test_fontforge_validation_state.FontForgeValidateStateTest.test_postscript_hasnt_limit_hints_in_glyphs(): OK
bakery_lint.tests.downstream.test_fontforge_validation_state.FontForgeValidateStateTest.test_postscript_hasnt_limit_points_in_glyphs(): OK
bakery_lint.tests.downstream.test_fontforge_validation_state.FontForgeValidateStateTest.test_referenced_glyphs_are_present(): OK
bakery_lint.tests.downstream.test_fontforge_validation_state.FontForgeValidateStateTest.test_valid_glyph_names(): OK
bakery_lint.tests.downstream.test_fontforge_validation_state.FontForgeValidateStateTest.test_valid_length_instructions(): OK
bakery_lint.tests.downstream.test_fontforge_validation_state.FontForgeValidateStateTest.test_validation_glyph_intersect(): OK
bakery_lint.tests.downstream.test_fontforge_validation_state.FontForgeValidateStateTest.test_validation_open_contours(): OK
bakery_lint.tests.downstream.test_fontforge_validation_state.FontForgeValidateStateTest.test_wrong_direction_in_glyphs(): FAIL
bakery_lint.tests.downstream.test_check_no_problematic_formats.CheckNoProblematicFormats.test_check_no_problematic_formats(): OK
bakery_lint.tests.downstream.test_check_upm_heights_less_120.TestCheckUPMHeightsLess120.test_check_upm_heigths_less_120(): OK
bakery_lint.tests.downstream.test_check_font_tables.CheckFontHasDsigTable.test_check_font_has_dsig_table(): OK
bakery_lint.tests.downstream.test_check_font_tables.CheckFontHasNotKernTable.test_no_kern_table_exists(): OK
bakery_lint.tests.downstream.test_check_os2_width_class.CheckOS2WidthClass.test_check_os2_width_class(): OK
bakery_lint.tests.downstream.test_check_glyf_table_length.CheckGlyfTableLength.test_check_glyf_table_length(): FAIL
bakery_lint.tests.downstream.test_check_name_table_recommendation.CheckStyleNameRecommendation.test_check_stylename_is_under_recommendations(): OK
bakery_lint.tests.downstream.test_check_name_table_recommendation.CheckOTFamilyNameRecommendation.test_check_opentype_familyname(): FAIL
$ fontbakery-fix-opentype-names.py /home/travis/build/fontdirectory/geo/builds/build/Geo-Regular.ttf
$ mv /home/travis/build/fontdirectory/geo/builds/build/Geo-Regular.ttf.fix /home/travis/build/fontdirectory/geo/builds/build/Geo-Regular.ttf
bakery_lint.tests.downstream.test_check_name_table_recommendation.CheckOTFamilyNameRecommendation.test_check_opentype_familyname(): OK
bakery_lint.tests.downstream.test_check_name_table_recommendation.CheckOTStyleNameRecommendation.test_check_opentype_stylename(): OK
bakery_lint.tests.downstream.test_check_name_table_recommendation.CheckOTFullNameRecommendation.test_check_opentype_fullname(): OK
bakery_lint.tests.downstream.test_check_hmtx_hhea_max_advance_width_agreement.CheckHmtxHheaMaxAdvanceWidthAgreement.test_check_hmtx_hhea_max_advance_width_agreement(): OK
bakery_lint.tests.downstream.test_gpos_table_has_kerning_info.CheckGposTableHasKerningInfo.test_gpos_table_has_kerning_info(): FAIL
bakery_lint.tests.downstream.test_check_names_same_across_platforms.CheckNamesSameAcrossPlatforms.test_check_names_same_across_platforms(): OK
bakery_lint.tests.downstream.test_check_panose_identification.CheckPanoseIdentification.test_check_panose_identification(): OK
bakery_lint.tests.downstream.test_check_unencoded_glyph.TestFontUnencodedGlyph.test_font_unencoded_glyphs(): FAIL
$ fontbakery-fix-glyph-private-encoding.py --autofix /home/travis/build/fontdirectory/geo/builds/build/Geo-Regular.ttf
$ mv /home/travis/build/fontdirectory/geo/builds/build/Geo-Regular.ttf.fix /home/travis/build/fontdirectory/geo/builds/build/Geo-Regular.ttf
bakery_lint.tests.downstream.test_check_unencoded_glyph.TestFontUnencodedGlyph.test_font_unencoded_glyphs(): FAIL
bakery_lint.tests.downstream.test_check_magic_prep_code.CheckMagicPREPByteCode.test_prep_magic_code(): FAIL
bakery_lint.tests.downstream.test_check_glyph_existence.CheckGlyphExistence.test_euro(): FAIL
bakery_lint.tests.downstream.test_check_glyph_existence.CheckGlyphExistence.test_nbsp(): OK
bakery_lint.tests.downstream.test_check_glyph_existence.CheckGlyphExistence.test_space(): OK
bakery_lint.tests.downstream.test_check_nbsp_width_matches_sp_width.CheckNbspWidthMatchesSpWidth.test_check_nbsp_width_matches_sp_width(): FAIL
$ fontbakery-fix-nbsp.py /home/travis/build/fontdirectory/geo/builds/build/Geo-Regular.ttf
$ mv /home/travis/build/fontdirectory/geo/builds/build/Geo-Regular.ttf.fix /home/travis/build/fontdirectory/geo/builds/build/Geo-Regular.ttf
bakery_lint.tests.downstream.test_check_nbsp_width_matches_sp_width.CheckNbspWidthMatchesSpWidth.test_check_nbsp_width_matches_sp_width(): FAIL
bakery_lint.tests.downstream.test_check_unused_glyph_data.CheckUnusedGlyphData.test_check_unused_glyph_data(): ERROR
bakery_lint.tests.downstream.test_check_license_included.CheckLicenseIncluded.test_license_included_in_font_names(): OK
bakery_lint.tests.downstream.test_check_fontname_matches_macstyle.CheckFontNameEqualToMacStyleFlags.test_fontname_is_equal_to_macstyle(): FAIL
bakery_lint.tests.downstream.test_gasp_table_value.CheckGaspTableType.test_check_gasp_table_type(): FAIL
$ fontbakery-fix-gasp.py --set=15 /home/travis/build/fontdirectory/geo/builds/build/Geo-Regular.ttf
$ mv /home/travis/build/fontdirectory/geo/builds/build/Geo-Regular.ttf.fix /home/travis/build/fontdirectory/geo/builds/build/Geo-Regular.ttf
bakery_lint.tests.downstream.test_gasp_table_value.CheckGaspTableType.test_check_gasp_table_type(): OK
$ fontbakery-fix-gasp.py --set=15 /home/travis/build/fontdirectory/geo/builds/build/Geo-Regular.ttf
$ mv /home/travis/build/fontdirectory/geo/builds/build/Geo-Regular.ttf.fix /home/travis/build/fontdirectory/geo/builds/build/Geo-Regular.ttf
bakery_lint.tests.downstream.test_check_font_agreements.CheckFsTypeIsNotSet.test_is_fstype_not_set(): OK
$ fontbakery-fix-fstype.py --autofix /home/travis/build/fontdirectory/geo/builds/build/Geo-Regular.ttf
$ mv /home/travis/build/fontdirectory/geo/builds/build/Geo-Regular.ttf.fix /home/travis/build/fontdirectory/geo/builds/build/Geo-Regular.ttf
bakery_lint.tests.downstream.test_check_font_agreements.CheckFontAgreements.test_em_is_1000(): FAIL
bakery_lint.tests.downstream.test_check_font_agreements.CheckFontAgreements.test_font_is_font(): OK
bakery_lint.tests.downstream.test_check_font_agreements.CheckFontAgreements.test_latin_file_exists(): FAIL
bakery_lint.tests.downstream.test_check_font_agreements.CheckFontAgreements.test_menu_file_exists(): FAIL
### Optimize TTF Geo-Regular.ttf
$ ls -l 'Geo-Regular.ttf'* # look at the size savings of that subset process
Geo-Regular.ttf.opt: 33472 bytes
Geo-Regular.ttf: 38928 bytes
$ mv /home/travis/build/fontdirectory/geo/builds/build/Geo-Regular.ttf.opt /home/travis/build/fontdirectory/geo/builds/build/Geo-Regular.ttf
### Autohint TTFs (ttfautohint) Geo-Regular.ttf
$ ttfautohint -l 7 -r 28 -G 50 -x 13 -w "G" /home/travis/build/fontdirectory/geo/builds/build/Geo-Regular.ttf '/home/travis/build/fontdirectory/geo/builds/build/Geo-Regular.autohint.ttf'

$ ls -l /home/travis/build/fontdirectory/geo/builds/build/Geo-Regular.*ttf # look at the size savings of that subset process
/home/travis/build/fontdirectory/geo/builds/build/Geo-Regular.ttf: 33472 bytes
/home/travis/build/fontdirectory/geo/builds/build/Geo-Regular.autohint.ttf: 35888 bytes
$ mv /home/travis/build/fontdirectory/geo/builds/build/Geo-Regular.autohint.ttf /home/travis/build/fontdirectory/geo/builds/build/Geo-Regular.ttf
### Subset TTFs (pyftsubset) Geo-Regular.ttf
$ pyftsubset Geo-Regular.latin
$ pyftsubset Geo-Regular.menu
strippedname:/home/travis/build/fontdirectory/geo/builds/build/Geo-Regular.ttf
spaceWidth is    204
nbspWidth is     204
Nothing to do
$ fontbakery-build-font2ttf.py sources/Geo-Oblique.otf Geo-Oblique.ttf
Success: Generated OpenType-TTF (/home/travis/build/fontdirectory/geo/builds/build/Geo-Oblique.ttf)
strippedname:/home/travis/build/fontdirectory/geo/builds/build/Geo-Oblique.otf
### Test Geo-Oblique.ttf
$ fontbakery-check.py result Geo-Oblique.ttf
bakery_lint.tests.downstream.test_names_are_ascii_only.CheckNamesAreASCIIOnly.test_check_names_are_ascii_only(): FAIL
$ fontbakery-fix-ascii-fontmetadata.py /home/travis/build/fontdirectory/geo/builds/build/Geo-Oblique.ttf
$ mv /home/travis/build/fontdirectory/geo/builds/build/Geo-Oblique.ttf.fix /home/travis/build/fontdirectory/geo/builds/build/Geo-Oblique.ttf
bakery_lint.tests.downstream.test_names_are_ascii_only.CheckNamesAreASCIIOnly.test_check_names_are_ascii_only(): OK
bakery_lint.tests.downstream.test_check_full_font_name_begins_with_family_name.CheckFullFontNameBeginsWithFamilyName.test_check_full_font_name_begins_with_family_name(): OK
bakery_lint.tests.downstream.test_check_vertical_metrics.CheckVerticalLinegapMetrics.test_metrics_linegaps_are_zero(): OK
bakery_lint.tests.downstream.test_check_vertical_metrics.CheckVerticalAscentMetrics.test_metrics_ascents_equal_bbox(): OK
bakery_lint.tests.downstream.test_check_vertical_metrics.CheckVerticalDescentMetrics.test_metrics_descents_equal_bbox(): OK
bakery_lint.tests.downstream.test_check_italic_angle_agreement.CheckItalicAngleAgreement.test_check_italic_angle_agreement(): OK
The following table(s) in the font have been ignored by FontForge
  Ignoring 'DSIG' digital signature table
bakery_lint.tests.downstream.test_fontforge_validation_state.FontForgeValidateStateTest.test_allowed_numbers_paths_in_composite_glyphs(): OK
bakery_lint.tests.downstream.test_fontforge_validation_state.FontForgeValidateStateTest.test_allowed_numbers_paths_in_glyphs(): OK
bakery_lint.tests.downstream.test_fontforge_validation_state.FontForgeValidateStateTest.test_allowed_numbers_points_in_composite_glyphs(): OK
bakery_lint.tests.downstream.test_fontforge_validation_state.FontForgeValidateStateTest.test_allowed_numbers_points_in_glyphs(): OK
bakery_lint.tests.downstream.test_fontforge_validation_state.FontForgeValidateStateTest.test_duplicate_glyphs(): OK
bakery_lint.tests.downstream.test_fontforge_validation_state.FontForgeValidateStateTest.test_duplicate_unicode_codepoints(): OK
bakery_lint.tests.downstream.test_fontforge_validation_state.FontForgeValidateStateTest.test_flipped_reference_in_glyphs(): OK
bakery_lint.tests.downstream.test_fontforge_validation_state.FontForgeValidateStateTest.test_missing_anchors(): OK
bakery_lint.tests.downstream.test_fontforge_validation_state.FontForgeValidateStateTest.test_missing_extrema_in_glyphs(): OK
bakery_lint.tests.downstream.test_fontforge_validation_state.FontForgeValidateStateTest.test_overlapped_hints(): OK
bakery_lint.tests.downstream.test_fontforge_validation_state.FontForgeValidateStateTest.test_points_are_integer_aligned(): OK
bakery_lint.tests.downstream.test_fontforge_validation_state.FontForgeValidateStateTest.test_points_are_not_too_far_apart(): OK
bakery_lint.tests.downstream.test_fontforge_validation_state.FontForgeValidateStateTest.test_postscript_hasnt_limit_hints_in_glyphs(): OK
bakery_lint.tests.downstream.test_fontforge_validation_state.FontForgeValidateStateTest.test_postscript_hasnt_limit_points_in_glyphs(): OK
bakery_lint.tests.downstream.test_fontforge_validation_state.FontForgeValidateStateTest.test_referenced_glyphs_are_present(): OK
bakery_lint.tests.downstream.test_fontforge_validation_state.FontForgeValidateStateTest.test_valid_glyph_names(): OK
bakery_lint.tests.downstream.test_fontforge_validation_state.FontForgeValidateStateTest.test_valid_length_instructions(): OK
bakery_lint.tests.downstream.test_fontforge_validation_state.FontForgeValidateStateTest.test_validation_glyph_intersect(): OK
bakery_lint.tests.downstream.test_fontforge_validation_state.FontForgeValidateStateTest.test_validation_open_contours(): OK
bakery_lint.tests.downstream.test_fontforge_validation_state.FontForgeValidateStateTest.test_wrong_direction_in_glyphs(): OK
bakery_lint.tests.downstream.test_check_no_problematic_formats.CheckNoProblematicFormats.test_check_no_problematic_formats(): OK
bakery_lint.tests.downstream.test_check_upm_heights_less_120.TestCheckUPMHeightsLess120.test_check_upm_heigths_less_120(): OK
bakery_lint.tests.downstream.test_check_font_tables.CheckFontHasDsigTable.test_check_font_has_dsig_table(): OK
bakery_lint.tests.downstream.test_check_font_tables.CheckFontHasNotKernTable.test_no_kern_table_exists(): OK
bakery_lint.tests.downstream.test_check_os2_width_class.CheckOS2WidthClass.test_check_os2_width_class(): OK
bakery_lint.tests.downstream.test_check_glyf_table_length.CheckGlyfTableLength.test_check_glyf_table_length(): FAIL
bakery_lint.tests.downstream.test_check_name_table_recommendation.CheckStyleNameRecommendation.test_check_stylename_is_under_recommendations(): FAIL
$ fontbakery-fix-opentype-names.py /home/travis/build/fontdirectory/geo/builds/build/Geo-Oblique.ttf
$ mv /home/travis/build/fontdirectory/geo/builds/build/Geo-Oblique.ttf.fix /home/travis/build/fontdirectory/geo/builds/build/Geo-Oblique.ttf
bakery_lint.tests.downstream.test_check_name_table_recommendation.CheckStyleNameRecommendation.test_check_stylename_is_under_recommendations(): FAIL
bakery_lint.tests.downstream.test_check_name_table_recommendation.CheckOTFamilyNameRecommendation.test_check_opentype_familyname(): OK
bakery_lint.tests.downstream.test_check_name_table_recommendation.CheckOTStyleNameRecommendation.test_check_opentype_stylename(): FAIL
$ fontbakery-fix-opentype-names.py /home/travis/build/fontdirectory/geo/builds/build/Geo-Oblique.ttf
$ mv /home/travis/build/fontdirectory/geo/builds/build/Geo-Oblique.ttf.fix /home/travis/build/fontdirectory/geo/builds/build/Geo-Oblique.ttf
bakery_lint.tests.downstream.test_check_name_table_recommendation.CheckOTStyleNameRecommendation.test_check_opentype_stylename(): FAIL
bakery_lint.tests.downstream.test_check_name_table_recommendation.CheckOTFullNameRecommendation.test_check_opentype_fullname(): OK
bakery_lint.tests.downstream.test_check_hmtx_hhea_max_advance_width_agreement.CheckHmtxHheaMaxAdvanceWidthAgreement.test_check_hmtx_hhea_max_advance_width_agreement(): OK
bakery_lint.tests.downstream.test_gpos_table_has_kerning_info.CheckGposTableHasKerningInfo.test_gpos_table_has_kerning_info(): FAIL
bakery_lint.tests.downstream.test_check_names_same_across_platforms.CheckNamesSameAcrossPlatforms.test_check_names_same_across_platforms(): OK
bakery_lint.tests.downstream.test_check_panose_identification.CheckPanoseIdentification.test_check_panose_identification(): OK
bakery_lint.tests.downstream.test_check_unencoded_glyph.TestFontUnencodedGlyph.test_font_unencoded_glyphs(): FAIL
$ fontbakery-fix-glyph-private-encoding.py --autofix /home/travis/build/fontdirectory/geo/builds/build/Geo-Oblique.ttf
$ mv /home/travis/build/fontdirectory/geo/builds/build/Geo-Oblique.ttf.fix /home/travis/build/fontdirectory/geo/builds/build/Geo-Oblique.ttf
bakery_lint.tests.downstream.test_check_unencoded_glyph.TestFontUnencodedGlyph.test_font_unencoded_glyphs(): FAIL
bakery_lint.tests.downstream.test_check_magic_prep_code.CheckMagicPREPByteCode.test_prep_magic_code(): FAIL
bakery_lint.tests.downstream.test_check_glyph_existence.CheckGlyphExistence.test_euro(): FAIL
bakery_lint.tests.downstream.test_check_glyph_existence.CheckGlyphExistence.test_nbsp(): OK
bakery_lint.tests.downstream.test_check_glyph_existence.CheckGlyphExistence.test_space(): OK
bakery_lint.tests.downstream.test_check_nbsp_width_matches_sp_width.CheckNbspWidthMatchesSpWidth.test_check_nbsp_width_matches_sp_width(): FAIL
$ fontbakery-fix-nbsp.py /home/travis/build/fontdirectory/geo/builds/build/Geo-Oblique.ttf
$ mv /home/travis/build/fontdirectory/geo/builds/build/Geo-Oblique.ttf.fix /home/travis/build/fontdirectory/geo/builds/build/Geo-Oblique.ttf
bakery_lint.tests.downstream.test_check_nbsp_width_matches_sp_width.CheckNbspWidthMatchesSpWidth.test_check_nbsp_width_matches_sp_width(): FAIL
bakery_lint.tests.downstream.test_check_unused_glyph_data.CheckUnusedGlyphData.test_check_unused_glyph_data(): ERROR
bakery_lint.tests.downstream.test_check_license_included.CheckLicenseIncluded.test_license_included_in_font_names(): ERROR
bakery_lint.tests.downstream.test_check_fontname_matches_macstyle.CheckFontNameEqualToMacStyleFlags.test_fontname_is_equal_to_macstyle(): FAIL
bakery_lint.tests.downstream.test_gasp_table_value.CheckGaspTableType.test_check_gasp_table_type(): FAIL
$ fontbakery-fix-gasp.py --set=15 /home/travis/build/fontdirectory/geo/builds/build/Geo-Oblique.ttf
$ mv /home/travis/build/fontdirectory/geo/builds/build/Geo-Oblique.ttf.fix /home/travis/build/fontdirectory/geo/builds/build/Geo-Oblique.ttf
bakery_lint.tests.downstream.test_gasp_table_value.CheckGaspTableType.test_check_gasp_table_type(): OK
$ fontbakery-fix-gasp.py --set=15 /home/travis/build/fontdirectory/geo/builds/build/Geo-Oblique.ttf
$ mv /home/travis/build/fontdirectory/geo/builds/build/Geo-Oblique.ttf.fix /home/travis/build/fontdirectory/geo/builds/build/Geo-Oblique.ttf
bakery_lint.tests.downstream.test_check_font_agreements.CheckFsTypeIsNotSet.test_is_fstype_not_set(): OK
$ fontbakery-fix-fstype.py --autofix /home/travis/build/fontdirectory/geo/builds/build/Geo-Oblique.ttf
$ mv /home/travis/build/fontdirectory/geo/builds/build/Geo-Oblique.ttf.fix /home/travis/build/fontdirectory/geo/builds/build/Geo-Oblique.ttf
bakery_lint.tests.downstream.test_check_font_agreements.CheckFontAgreements.test_em_is_1000(): OK
bakery_lint.tests.downstream.test_check_font_agreements.CheckFontAgreements.test_font_is_font(): OK
bakery_lint.tests.downstream.test_check_font_agreements.CheckFontAgreements.test_latin_file_exists(): FAIL
bakery_lint.tests.downstream.test_check_font_agreements.CheckFontAgreements.test_menu_file_exists(): FAIL
### Optimize TTF Geo-Oblique.ttf
$ ls -l 'Geo-Oblique.ttf'* # look at the size savings of that subset process
Geo-Oblique.ttf.opt: 13696 bytes
Geo-Oblique.ttf: 14884 bytes
$ mv /home/travis/build/fontdirectory/geo/builds/build/Geo-Oblique.ttf.opt /home/travis/build/fontdirectory/geo/builds/build/Geo-Oblique.ttf
### Autohint TTFs (ttfautohint) Geo-Oblique.ttf
$ ttfautohint -l 7 -r 28 -G 50 -x 13 -w "G" /home/travis/build/fontdirectory/geo/builds/build/Geo-Oblique.ttf '/home/travis/build/fontdirectory/geo/builds/build/Geo-Oblique.autohint.ttf'

$ ls -l /home/travis/build/fontdirectory/geo/builds/build/Geo-Oblique.*ttf # look at the size savings of that subset process
/home/travis/build/fontdirectory/geo/builds/build/Geo-Oblique.ttf: 13696 bytes
/home/travis/build/fontdirectory/geo/builds/build/Geo-Oblique.autohint.ttf: 26792 bytes
$ mv /home/travis/build/fontdirectory/geo/builds/build/Geo-Oblique.autohint.ttf /home/travis/build/fontdirectory/geo/builds/build/Geo-Oblique.ttf
### Subset TTFs (pyftsubset) Geo-Oblique.ttf
$ pyftsubset Geo-Oblique.latin
$ pyftsubset Geo-Oblique.menu
strippedname:/home/travis/build/fontdirectory/geo/builds/build/Geo-Oblique.ttf
spaceWidth is    200
nbspWidth is     200
Nothing to do
$ fontbakery-build-font2ttf.py sources/Geo-Oblique-TTF.sfd Geo-Oblique-TTF.ttf
Success: Generated OpenType-TTF (/home/travis/build/fontdirectory/geo/builds/build/Geo-Oblique-TTF.ttf)
### Test Geo-Oblique-TTF.ttf
$ fontbakery-check.py result Geo-Oblique-TTF.ttf
bakery_lint.tests.downstream.test_names_are_ascii_only.CheckNamesAreASCIIOnly.test_check_names_are_ascii_only(): OK
bakery_lint.tests.downstream.test_check_full_font_name_begins_with_family_name.CheckFullFontNameBeginsWithFamilyName.test_check_full_font_name_begins_with_family_name(): OK
bakery_lint.tests.downstream.test_check_vertical_metrics.CheckVerticalLinegapMetrics.test_metrics_linegaps_are_zero(): FAIL
$ fontbakery-fix-vertical-metrics.py --autofix /home/travis/build/fontdirectory/geo/builds/build/Geo-Oblique.ttf /home/travis/build/fontdirectory/geo/builds/build/Geo-Oblique-TTF.ttf /home/travis/build/fontdirectory/geo/builds/build/Geo-Medium.ttf /home/travis/build/fontdirectory/geo/builds/build/Geo-Regular.ttf
$ mv /home/travis/build/fontdirectory/geo/builds/build/Geo-Oblique.ttf.fix /home/travis/build/fontdirectory/geo/builds/build/Geo-Oblique.ttf
$ mv /home/travis/build/fontdirectory/geo/builds/build/Geo-Oblique-TTF.ttf.fix /home/travis/build/fontdirectory/geo/builds/build/Geo-Oblique-TTF.ttf
$ mv /home/travis/build/fontdirectory/geo/builds/build/Geo-Medium.ttf.fix /home/travis/build/fontdirectory/geo/builds/build/Geo-Medium.ttf
$ mv /home/travis/build/fontdirectory/geo/builds/build/Geo-Regular.ttf.fix /home/travis/build/fontdirectory/geo/builds/build/Geo-Regular.ttf
$ fontbakery-fix-vertical-metrics.py /home/travis/build/fontdirectory/geo/builds/build/Geo-Oblique.ttf /home/travis/build/fontdirectory/geo/builds/build/Geo-Oblique-TTF.ttf /home/travis/build/fontdirectory/geo/builds/build/Geo-Medium.ttf /home/travis/build/fontdirectory/geo/builds/build/Geo-Regular.ttf
Parameter              Geo-Oblique.ttf    Geo-Oblique-TTF.ttf    Geo-Medium.ttf    Geo-Regular.ttf    
ymax                   802                821                    802               821                
hhea.ascent            821                821                    821               821                
OS/2.sTypoAscender     821                821                    821               821                
OS/2.usWinAscent       821                821                    821               821                
ymin                   -220               -225                   -220              -225               
hhea.descent           -225               -225                   -225              -225               
OS/2.sTypoDescender    -225               -225                   -225              -225               
OS/2.usWinDescent      225                225                    225               225                
hhea.lineGap           0                  0                      0                 0                  
OS/2.sTypoLineGap      0                  0                      0                 0                  
hhea total             1046               1046                   1046              1046               
typo total             1046               1046                   1046              1046               
win total              1046               1046                   1046              1046               
UPM:Heights            1000:1022          1024:1046              1000:1022         1024:1046          
UPM:Heights %          102 %              102 %                  102 %             102 %              


bakery_lint.tests.downstream.test_check_vertical_metrics.CheckVerticalLinegapMetrics.test_metrics_linegaps_are_zero(): OK
bakery_lint.tests.downstream.test_check_vertical_metrics.CheckVerticalAscentMetrics.test_metrics_ascents_equal_bbox(): OK
bakery_lint.tests.downstream.test_check_vertical_metrics.CheckVerticalDescentMetrics.test_metrics_descents_equal_bbox(): OK
bakery_lint.tests.downstream.test_check_italic_angle_agreement.CheckItalicAngleAgreement.test_check_italic_angle_agreement(): OK
The following table(s) in the font have been ignored by FontForge
  Ignoring 'DSIG' digital signature table
bakery_lint.tests.downstream.test_fontforge_validation_state.FontForgeValidateStateTest.test_allowed_numbers_paths_in_composite_glyphs(): OK
bakery_lint.tests.downstream.test_fontforge_validation_state.FontForgeValidateStateTest.test_allowed_numbers_paths_in_glyphs(): OK
bakery_lint.tests.downstream.test_fontforge_validation_state.FontForgeValidateStateTest.test_allowed_numbers_points_in_composite_glyphs(): OK
bakery_lint.tests.downstream.test_fontforge_validation_state.FontForgeValidateStateTest.test_allowed_numbers_points_in_glyphs(): OK
bakery_lint.tests.downstream.test_fontforge_validation_state.FontForgeValidateStateTest.test_duplicate_glyphs(): OK
bakery_lint.tests.downstream.test_fontforge_validation_state.FontForgeValidateStateTest.test_duplicate_unicode_codepoints(): OK
bakery_lint.tests.downstream.test_fontforge_validation_state.FontForgeValidateStateTest.test_flipped_reference_in_glyphs(): OK
bakery_lint.tests.downstream.test_fontforge_validation_state.FontForgeValidateStateTest.test_missing_anchors(): OK
bakery_lint.tests.downstream.test_fontforge_validation_state.FontForgeValidateStateTest.test_missing_extrema_in_glyphs(): OK
bakery_lint.tests.downstream.test_fontforge_validation_state.FontForgeValidateStateTest.test_overlapped_hints(): OK
bakery_lint.tests.downstream.test_fontforge_validation_state.FontForgeValidateStateTest.test_points_are_integer_aligned(): OK
bakery_lint.tests.downstream.test_fontforge_validation_state.FontForgeValidateStateTest.test_points_are_not_too_far_apart(): OK
bakery_lint.tests.downstream.test_fontforge_validation_state.FontForgeValidateStateTest.test_postscript_hasnt_limit_hints_in_glyphs(): OK
bakery_lint.tests.downstream.test_fontforge_validation_state.FontForgeValidateStateTest.test_postscript_hasnt_limit_points_in_glyphs(): OK
bakery_lint.tests.downstream.test_fontforge_validation_state.FontForgeValidateStateTest.test_referenced_glyphs_are_present(): OK
bakery_lint.tests.downstream.test_fontforge_validation_state.FontForgeValidateStateTest.test_valid_glyph_names(): OK
bakery_lint.tests.downstream.test_fontforge_validation_state.FontForgeValidateStateTest.test_valid_length_instructions(): OK
bakery_lint.tests.downstream.test_fontforge_validation_state.FontForgeValidateStateTest.test_validation_glyph_intersect(): OK
bakery_lint.tests.downstream.test_fontforge_validation_state.FontForgeValidateStateTest.test_validation_open_contours(): OK
bakery_lint.tests.downstream.test_fontforge_validation_state.FontForgeValidateStateTest.test_wrong_direction_in_glyphs(): OK
bakery_lint.tests.downstream.test_check_no_problematic_formats.CheckNoProblematicFormats.test_check_no_problematic_formats(): OK
bakery_lint.tests.downstream.test_check_upm_heights_less_120.TestCheckUPMHeightsLess120.test_check_upm_heigths_less_120(): OK
bakery_lint.tests.downstream.test_check_font_tables.CheckFontHasDsigTable.test_check_font_has_dsig_table(): OK
bakery_lint.tests.downstream.test_check_font_tables.CheckFontHasNotKernTable.test_no_kern_table_exists(): OK
bakery_lint.tests.downstream.test_check_os2_width_class.CheckOS2WidthClass.test_check_os2_width_class(): OK
bakery_lint.tests.downstream.test_check_glyf_table_length.CheckGlyfTableLength.test_check_glyf_table_length(): FAIL
bakery_lint.tests.downstream.test_check_name_table_recommendation.CheckStyleNameRecommendation.test_check_stylename_is_under_recommendations(): FAIL
$ fontbakery-fix-opentype-names.py /home/travis/build/fontdirectory/geo/builds/build/Geo-Oblique-TTF.ttf
$ mv /home/travis/build/fontdirectory/geo/builds/build/Geo-Oblique-TTF.ttf.fix /home/travis/build/fontdirectory/geo/builds/build/Geo-Oblique-TTF.ttf
bakery_lint.tests.downstream.test_check_name_table_recommendation.CheckStyleNameRecommendation.test_check_stylename_is_under_recommendations(): FAIL
bakery_lint.tests.downstream.test_check_name_table_recommendation.CheckOTFamilyNameRecommendation.test_check_opentype_familyname(): OK
bakery_lint.tests.downstream.test_check_name_table_recommendation.CheckOTStyleNameRecommendation.test_check_opentype_stylename(): FAIL
$ fontbakery-fix-opentype-names.py /home/travis/build/fontdirectory/geo/builds/build/Geo-Oblique-TTF.ttf
$ mv /home/travis/build/fontdirectory/geo/builds/build/Geo-Oblique-TTF.ttf.fix /home/travis/build/fontdirectory/geo/builds/build/Geo-Oblique-TTF.ttf
bakery_lint.tests.downstream.test_check_name_table_recommendation.CheckOTStyleNameRecommendation.test_check_opentype_stylename(): FAIL
bakery_lint.tests.downstream.test_check_name_table_recommendation.CheckOTFullNameRecommendation.test_check_opentype_fullname(): OK
bakery_lint.tests.downstream.test_check_hmtx_hhea_max_advance_width_agreement.CheckHmtxHheaMaxAdvanceWidthAgreement.test_check_hmtx_hhea_max_advance_width_agreement(): OK
bakery_lint.tests.downstream.test_gpos_table_has_kerning_info.CheckGposTableHasKerningInfo.test_gpos_table_has_kerning_info(): FAIL
bakery_lint.tests.downstream.test_check_names_same_across_platforms.CheckNamesSameAcrossPlatforms.test_check_names_same_across_platforms(): OK
bakery_lint.tests.downstream.test_check_panose_identification.CheckPanoseIdentification.test_check_panose_identification(): OK
bakery_lint.tests.downstream.test_check_unencoded_glyph.TestFontUnencodedGlyph.test_font_unencoded_glyphs(): FAIL
$ fontbakery-fix-glyph-private-encoding.py --autofix /home/travis/build/fontdirectory/geo/builds/build/Geo-Oblique-TTF.ttf
$ mv /home/travis/build/fontdirectory/geo/builds/build/Geo-Oblique-TTF.ttf.fix /home/travis/build/fontdirectory/geo/builds/build/Geo-Oblique-TTF.ttf
bakery_lint.tests.downstream.test_check_unencoded_glyph.TestFontUnencodedGlyph.test_font_unencoded_glyphs(): FAIL
bakery_lint.tests.downstream.test_check_magic_prep_code.CheckMagicPREPByteCode.test_prep_magic_code(): FAIL
bakery_lint.tests.downstream.test_check_glyph_existence.CheckGlyphExistence.test_euro(): FAIL
bakery_lint.tests.downstream.test_check_glyph_existence.CheckGlyphExistence.test_nbsp(): OK
bakery_lint.tests.downstream.test_check_glyph_existence.CheckGlyphExistence.test_space(): OK
bakery_lint.tests.downstream.test_check_nbsp_width_matches_sp_width.CheckNbspWidthMatchesSpWidth.test_check_nbsp_width_matches_sp_width(): FAIL
$ fontbakery-fix-nbsp.py /home/travis/build/fontdirectory/geo/builds/build/Geo-Oblique-TTF.ttf
$ mv /home/travis/build/fontdirectory/geo/builds/build/Geo-Oblique-TTF.ttf.fix /home/travis/build/fontdirectory/geo/builds/build/Geo-Oblique-TTF.ttf
bakery_lint.tests.downstream.test_check_nbsp_width_matches_sp_width.CheckNbspWidthMatchesSpWidth.test_check_nbsp_width_matches_sp_width(): FAIL
bakery_lint.tests.downstream.test_check_unused_glyph_data.CheckUnusedGlyphData.test_check_unused_glyph_data(): ERROR
bakery_lint.tests.downstream.test_check_license_included.CheckLicenseIncluded.test_license_included_in_font_names(): OK
bakery_lint.tests.downstream.test_check_fontname_matches_macstyle.CheckFontNameEqualToMacStyleFlags.test_fontname_is_equal_to_macstyle(): FAIL
bakery_lint.tests.downstream.test_gasp_table_value.CheckGaspTableType.test_check_gasp_table_type(): FAIL
$ fontbakery-fix-gasp.py --set=15 /home/travis/build/fontdirectory/geo/builds/build/Geo-Oblique-TTF.ttf
$ mv /home/travis/build/fontdirectory/geo/builds/build/Geo-Oblique-TTF.ttf.fix /home/travis/build/fontdirectory/geo/builds/build/Geo-Oblique-TTF.ttf
bakery_lint.tests.downstream.test_gasp_table_value.CheckGaspTableType.test_check_gasp_table_type(): OK
$ fontbakery-fix-gasp.py --set=15 /home/travis/build/fontdirectory/geo/builds/build/Geo-Oblique-TTF.ttf
$ mv /home/travis/build/fontdirectory/geo/builds/build/Geo-Oblique-TTF.ttf.fix /home/travis/build/fontdirectory/geo/builds/build/Geo-Oblique-TTF.ttf
bakery_lint.tests.downstream.test_check_font_agreements.CheckFsTypeIsNotSet.test_is_fstype_not_set(): OK
$ fontbakery-fix-fstype.py --autofix /home/travis/build/fontdirectory/geo/builds/build/Geo-Oblique-TTF.ttf
$ mv /home/travis/build/fontdirectory/geo/builds/build/Geo-Oblique-TTF.ttf.fix /home/travis/build/fontdirectory/geo/builds/build/Geo-Oblique-TTF.ttf
bakery_lint.tests.downstream.test_check_font_agreements.CheckFontAgreements.test_em_is_1000(): FAIL
bakery_lint.tests.downstream.test_check_font_agreements.CheckFontAgreements.test_font_is_font(): OK
bakery_lint.tests.downstream.test_check_font_agreements.CheckFontAgreements.test_latin_file_exists(): FAIL
bakery_lint.tests.downstream.test_check_font_agreements.CheckFontAgreements.test_menu_file_exists(): FAIL
### Optimize TTF Geo-Oblique-TTF.ttf
$ ls -l 'Geo-Oblique-TTF.ttf'* # look at the size savings of that subset process
Geo-Oblique-TTF.ttf.opt: 23492 bytes
Geo-Oblique-TTF.ttf: 29168 bytes
$ mv /home/travis/build/fontdirectory/geo/builds/build/Geo-Oblique-TTF.ttf.opt /home/travis/build/fontdirectory/geo/builds/build/Geo-Oblique-TTF.ttf
### Autohint TTFs (ttfautohint) Geo-Oblique-TTF.ttf
$ ttfautohint -l 7 -r 28 -G 50 -x 13 -w "G" /home/travis/build/fontdirectory/geo/builds/build/Geo-Oblique-TTF.ttf '/home/travis/build/fontdirectory/geo/builds/build/Geo-Oblique-TTF.autohint.ttf'

$ ls -l /home/travis/build/fontdirectory/geo/builds/build/Geo-Oblique-TTF.*ttf # look at the size savings of that subset process
/home/travis/build/fontdirectory/geo/builds/build/Geo-Oblique-TTF.ttf: 23492 bytes
/home/travis/build/fontdirectory/geo/builds/build/Geo-Oblique-TTF.autohint.ttf: 35828 bytes
$ mv /home/travis/build/fontdirectory/geo/builds/build/Geo-Oblique-TTF.autohint.ttf /home/travis/build/fontdirectory/geo/builds/build/Geo-Oblique-TTF.ttf
### Subset TTFs (pyftsubset) Geo-Oblique-TTF.ttf
$ pyftsubset Geo-Oblique-TTF.latin
$ pyftsubset Geo-Oblique-TTF.menu
strippedname:/home/travis/build/fontdirectory/geo/builds/build/Geo-Oblique-TTF.ttf
spaceWidth is    204
nbspWidth is     204
Nothing to do
$ fontbakery-build-font2ttf.py sources/Geo-Regular-TTF.sfd Geo-Regular-TTF.ttf
Success: Generated OpenType-TTF (/home/travis/build/fontdirectory/geo/builds/build/Geo-Regular-TTF.ttf)
### Test Geo-Regular-TTF.ttf
$ fontbakery-check.py result Geo-Regular-TTF.ttf
bakery_lint.tests.downstream.test_names_are_ascii_only.CheckNamesAreASCIIOnly.test_check_names_are_ascii_only(): OK
bakery_lint.tests.downstream.test_check_full_font_name_begins_with_family_name.CheckFullFontNameBeginsWithFamilyName.test_check_full_font_name_begins_with_family_name(): OK
bakery_lint.tests.downstream.test_check_vertical_metrics.CheckVerticalLinegapMetrics.test_metrics_linegaps_are_zero(): FAIL
$ fontbakery-fix-vertical-metrics.py --autofix /home/travis/build/fontdirectory/geo/builds/build/Geo-Oblique.ttf /home/travis/build/fontdirectory/geo/builds/build/Geo-Oblique-TTF.ttf /home/travis/build/fontdirectory/geo/builds/build/Geo-Medium.ttf /home/travis/build/fontdirectory/geo/builds/build/Geo-Regular-TTF.ttf /home/travis/build/fontdirectory/geo/builds/build/Geo-Regular.ttf
$ mv /home/travis/build/fontdirectory/geo/builds/build/Geo-Oblique.ttf.fix /home/travis/build/fontdirectory/geo/builds/build/Geo-Oblique.ttf
$ mv /home/travis/build/fontdirectory/geo/builds/build/Geo-Oblique-TTF.ttf.fix /home/travis/build/fontdirectory/geo/builds/build/Geo-Oblique-TTF.ttf
$ mv /home/travis/build/fontdirectory/geo/builds/build/Geo-Medium.ttf.fix /home/travis/build/fontdirectory/geo/builds/build/Geo-Medium.ttf
$ mv /home/travis/build/fontdirectory/geo/builds/build/Geo-Regular-TTF.ttf.fix /home/travis/build/fontdirectory/geo/builds/build/Geo-Regular-TTF.ttf
$ mv /home/travis/build/fontdirectory/geo/builds/build/Geo-Regular.ttf.fix /home/travis/build/fontdirectory/geo/builds/build/Geo-Regular.ttf
$ fontbakery-fix-vertical-metrics.py /home/travis/build/fontdirectory/geo/builds/build/Geo-Oblique.ttf /home/travis/build/fontdirectory/geo/builds/build/Geo-Oblique-TTF.ttf /home/travis/build/fontdirectory/geo/builds/build/Geo-Medium.ttf /home/travis/build/fontdirectory/geo/builds/build/Geo-Regular-TTF.ttf /home/travis/build/fontdirectory/geo/builds/build/Geo-Regular.ttf
Parameter              Geo-Oblique.ttf    Geo-Oblique-TTF.ttf    Geo-Medium.ttf    Geo-Regular-TTF.ttf    Geo-Regular.ttf    
ymax                   802                821                    802               821                    821                
hhea.ascent            821                821                    821               821                    821                
OS/2.sTypoAscender     821                821                    821               821                    821                
OS/2.usWinAscent       821                821                    821               821                    821                
ymin                   -220               -225                   -220              -225                   -225               
hhea.descent           -225               -225                   -225              -225                   -225               
OS/2.sTypoDescender    -225               -225                   -225              -225                   -225               
OS/2.usWinDescent      225                225                    225               225                    225                
hhea.lineGap           0                  0                      0                 0                      0                  
OS/2.sTypoLineGap      0                  0                      0                 0                      0                  
hhea total             1046               1046                   1046              1046                   1046               
typo total             1046               1046                   1046              1046                   1046               
win total              1046               1046                   1046              1046                   1046               
UPM:Heights            1000:1022          1024:1046              1000:1022         1024:1046              1024:1046          
UPM:Heights %          102 %              102 %                  102 %             102 %                  102 %              


bakery_lint.tests.downstream.test_check_vertical_metrics.CheckVerticalLinegapMetrics.test_metrics_linegaps_are_zero(): OK
bakery_lint.tests.downstream.test_check_vertical_metrics.CheckVerticalAscentMetrics.test_metrics_ascents_equal_bbox(): OK
bakery_lint.tests.downstream.test_check_vertical_metrics.CheckVerticalDescentMetrics.test_metrics_descents_equal_bbox(): OK
bakery_lint.tests.downstream.test_check_italic_angle_agreement.CheckItalicAngleAgreement.test_check_italic_angle_agreement(): OK
The following table(s) in the font have been ignored by FontForge
  Ignoring 'DSIG' digital signature table
bakery_lint.tests.downstream.test_fontforge_validation_state.FontForgeValidateStateTest.test_allowed_numbers_paths_in_composite_glyphs(): OK
bakery_lint.tests.downstream.test_fontforge_validation_state.FontForgeValidateStateTest.test_allowed_numbers_paths_in_glyphs(): OK
bakery_lint.tests.downstream.test_fontforge_validation_state.FontForgeValidateStateTest.test_allowed_numbers_points_in_composite_glyphs(): OK
bakery_lint.tests.downstream.test_fontforge_validation_state.FontForgeValidateStateTest.test_allowed_numbers_points_in_glyphs(): OK
bakery_lint.tests.downstream.test_fontforge_validation_state.FontForgeValidateStateTest.test_duplicate_glyphs(): OK
bakery_lint.tests.downstream.test_fontforge_validation_state.FontForgeValidateStateTest.test_duplicate_unicode_codepoints(): OK
bakery_lint.tests.downstream.test_fontforge_validation_state.FontForgeValidateStateTest.test_flipped_reference_in_glyphs(): OK
bakery_lint.tests.downstream.test_fontforge_validation_state.FontForgeValidateStateTest.test_missing_anchors(): OK
bakery_lint.tests.downstream.test_fontforge_validation_state.FontForgeValidateStateTest.test_missing_extrema_in_glyphs(): OK
bakery_lint.tests.downstream.test_fontforge_validation_state.FontForgeValidateStateTest.test_overlapped_hints(): OK
bakery_lint.tests.downstream.test_fontforge_validation_state.FontForgeValidateStateTest.test_points_are_integer_aligned(): OK
bakery_lint.tests.downstream.test_fontforge_validation_state.FontForgeValidateStateTest.test_points_are_not_too_far_apart(): OK
bakery_lint.tests.downstream.test_fontforge_validation_state.FontForgeValidateStateTest.test_postscript_hasnt_limit_hints_in_glyphs(): OK
bakery_lint.tests.downstream.test_fontforge_validation_state.FontForgeValidateStateTest.test_postscript_hasnt_limit_points_in_glyphs(): OK
bakery_lint.tests.downstream.test_fontforge_validation_state.FontForgeValidateStateTest.test_referenced_glyphs_are_present(): OK
bakery_lint.tests.downstream.test_fontforge_validation_state.FontForgeValidateStateTest.test_valid_glyph_names(): OK
bakery_lint.tests.downstream.test_fontforge_validation_state.FontForgeValidateStateTest.test_valid_length_instructions(): OK
bakery_lint.tests.downstream.test_fontforge_validation_state.FontForgeValidateStateTest.test_validation_glyph_intersect(): OK
bakery_lint.tests.downstream.test_fontforge_validation_state.FontForgeValidateStateTest.test_validation_open_contours(): OK
bakery_lint.tests.downstream.test_fontforge_validation_state.FontForgeValidateStateTest.test_wrong_direction_in_glyphs(): OK
bakery_lint.tests.downstream.test_check_no_problematic_formats.CheckNoProblematicFormats.test_check_no_problematic_formats(): OK
bakery_lint.tests.downstream.test_check_upm_heights_less_120.TestCheckUPMHeightsLess120.test_check_upm_heigths_less_120(): OK
bakery_lint.tests.downstream.test_check_font_tables.CheckFontHasDsigTable.test_check_font_has_dsig_table(): OK
bakery_lint.tests.downstream.test_check_font_tables.CheckFontHasNotKernTable.test_no_kern_table_exists(): OK
bakery_lint.tests.downstream.test_check_os2_width_class.CheckOS2WidthClass.test_check_os2_width_class(): OK
bakery_lint.tests.downstream.test_check_glyf_table_length.CheckGlyfTableLength.test_check_glyf_table_length(): FAIL
bakery_lint.tests.downstream.test_check_name_table_recommendation.CheckStyleNameRecommendation.test_check_stylename_is_under_recommendations(): OK
bakery_lint.tests.downstream.test_check_name_table_recommendation.CheckOTFamilyNameRecommendation.test_check_opentype_familyname(): FAIL
$ fontbakery-fix-opentype-names.py /home/travis/build/fontdirectory/geo/builds/build/Geo-Regular-TTF.ttf
$ mv /home/travis/build/fontdirectory/geo/builds/build/Geo-Regular-TTF.ttf.fix /home/travis/build/fontdirectory/geo/builds/build/Geo-Regular-TTF.ttf
bakery_lint.tests.downstream.test_check_name_table_recommendation.CheckOTFamilyNameRecommendation.test_check_opentype_familyname(): OK
bakery_lint.tests.downstream.test_check_name_table_recommendation.CheckOTStyleNameRecommendation.test_check_opentype_stylename(): OK
bakery_lint.tests.downstream.test_check_name_table_recommendation.CheckOTFullNameRecommendation.test_check_opentype_fullname(): OK
bakery_lint.tests.downstream.test_check_hmtx_hhea_max_advance_width_agreement.CheckHmtxHheaMaxAdvanceWidthAgreement.test_check_hmtx_hhea_max_advance_width_agreement(): OK
bakery_lint.tests.downstream.test_gpos_table_has_kerning_info.CheckGposTableHasKerningInfo.test_gpos_table_has_kerning_info(): FAIL
bakery_lint.tests.downstream.test_check_names_same_across_platforms.CheckNamesSameAcrossPlatforms.test_check_names_same_across_platforms(): OK
bakery_lint.tests.downstream.test_check_panose_identification.CheckPanoseIdentification.test_check_panose_identification(): OK
bakery_lint.tests.downstream.test_check_unencoded_glyph.TestFontUnencodedGlyph.test_font_unencoded_glyphs(): FAIL
$ fontbakery-fix-glyph-private-encoding.py --autofix /home/travis/build/fontdirectory/geo/builds/build/Geo-Regular-TTF.ttf
$ mv /home/travis/build/fontdirectory/geo/builds/build/Geo-Regular-TTF.ttf.fix /home/travis/build/fontdirectory/geo/builds/build/Geo-Regular-TTF.ttf
bakery_lint.tests.downstream.test_check_unencoded_glyph.TestFontUnencodedGlyph.test_font_unencoded_glyphs(): FAIL
bakery_lint.tests.downstream.test_check_magic_prep_code.CheckMagicPREPByteCode.test_prep_magic_code(): FAIL
bakery_lint.tests.downstream.test_check_glyph_existence.CheckGlyphExistence.test_euro(): FAIL
bakery_lint.tests.downstream.test_check_glyph_existence.CheckGlyphExistence.test_nbsp(): OK
bakery_lint.tests.downstream.test_check_glyph_existence.CheckGlyphExistence.test_space(): OK
bakery_lint.tests.downstream.test_check_nbsp_width_matches_sp_width.CheckNbspWidthMatchesSpWidth.test_check_nbsp_width_matches_sp_width(): FAIL
$ fontbakery-fix-nbsp.py /home/travis/build/fontdirectory/geo/builds/build/Geo-Regular-TTF.ttf
$ mv /home/travis/build/fontdirectory/geo/builds/build/Geo-Regular-TTF.ttf.fix /home/travis/build/fontdirectory/geo/builds/build/Geo-Regular-TTF.ttf
bakery_lint.tests.downstream.test_check_nbsp_width_matches_sp_width.CheckNbspWidthMatchesSpWidth.test_check_nbsp_width_matches_sp_width(): FAIL
bakery_lint.tests.downstream.test_check_unused_glyph_data.CheckUnusedGlyphData.test_check_unused_glyph_data(): ERROR
bakery_lint.tests.downstream.test_check_license_included.CheckLicenseIncluded.test_license_included_in_font_names(): OK
bakery_lint.tests.downstream.test_check_fontname_matches_macstyle.CheckFontNameEqualToMacStyleFlags.test_fontname_is_equal_to_macstyle(): FAIL
bakery_lint.tests.downstream.test_gasp_table_value.CheckGaspTableType.test_check_gasp_table_type(): FAIL
$ fontbakery-fix-gasp.py --set=15 /home/travis/build/fontdirectory/geo/builds/build/Geo-Regular-TTF.ttf
$ mv /home/travis/build/fontdirectory/geo/builds/build/Geo-Regular-TTF.ttf.fix /home/travis/build/fontdirectory/geo/builds/build/Geo-Regular-TTF.ttf
bakery_lint.tests.downstream.test_gasp_table_value.CheckGaspTableType.test_check_gasp_table_type(): OK
$ fontbakery-fix-gasp.py --set=15 /home/travis/build/fontdirectory/geo/builds/build/Geo-Regular-TTF.ttf
$ mv /home/travis/build/fontdirectory/geo/builds/build/Geo-Regular-TTF.ttf.fix /home/travis/build/fontdirectory/geo/builds/build/Geo-Regular-TTF.ttf
bakery_lint.tests.downstream.test_check_font_agreements.CheckFsTypeIsNotSet.test_is_fstype_not_set(): OK
$ fontbakery-fix-fstype.py --autofix /home/travis/build/fontdirectory/geo/builds/build/Geo-Regular-TTF.ttf
$ mv /home/travis/build/fontdirectory/geo/builds/build/Geo-Regular-TTF.ttf.fix /home/travis/build/fontdirectory/geo/builds/build/Geo-Regular-TTF.ttf
bakery_lint.tests.downstream.test_check_font_agreements.CheckFontAgreements.test_em_is_1000(): FAIL
bakery_lint.tests.downstream.test_check_font_agreements.CheckFontAgreements.test_font_is_font(): OK
bakery_lint.tests.downstream.test_check_font_agreements.CheckFontAgreements.test_latin_file_exists(): FAIL
bakery_lint.tests.downstream.test_check_font_agreements.CheckFontAgreements.test_menu_file_exists(): FAIL
### Optimize TTF Geo-Regular-TTF.ttf
$ ls -l 'Geo-Regular-TTF.ttf'* # look at the size savings of that subset process
Geo-Regular-TTF.ttf.opt: 22612 bytes
Geo-Regular-TTF.ttf: 28316 bytes
$ mv /home/travis/build/fontdirectory/geo/builds/build/Geo-Regular-TTF.ttf.opt /home/travis/build/fontdirectory/geo/builds/build/Geo-Regular-TTF.ttf
### Autohint TTFs (ttfautohint) Geo-Regular-TTF.ttf
$ ttfautohint -l 7 -r 28 -G 50 -x 13 -w "G" /home/travis/build/fontdirectory/geo/builds/build/Geo-Regular-TTF.ttf '/home/travis/build/fontdirectory/geo/builds/build/Geo-Regular-TTF.autohint.ttf'

$ ls -l /home/travis/build/fontdirectory/geo/builds/build/Geo-Regular-TTF.*ttf # look at the size savings of that subset process
/home/travis/build/fontdirectory/geo/builds/build/Geo-Regular-TTF.ttf: 22612 bytes
/home/travis/build/fontdirectory/geo/builds/build/Geo-Regular-TTF.autohint.ttf: 34976 bytes
$ mv /home/travis/build/fontdirectory/geo/builds/build/Geo-Regular-TTF.autohint.ttf /home/travis/build/fontdirectory/geo/builds/build/Geo-Regular-TTF.ttf
### Subset TTFs (pyftsubset) Geo-Regular-TTF.ttf
$ pyftsubset Geo-Regular-TTF.latin
$ pyftsubset Geo-Regular-TTF.menu
strippedname:/home/travis/build/fontdirectory/geo/builds/build/Geo-Regular-TTF.ttf
spaceWidth is    204
nbspWidth is     204
Nothing to do
### (5 of 6) Generate METADATA.json (fontbakery-build-metadata.py)
$ fontbakery-build-metadata.py /home/travis/build/fontdirectory/geo/builds/build
{} exists
No Designer Name known, using Multiple Designers for now...
Original size: 35888\nGzip size: 14554
Family Name: Geo
PS Name: GeoOblique
Full Name: GeoOblique
Style: italic
Weight: 500
Filename: Geo-Oblique.ttf
Copyright: version 1.1a copyright (c) Ben Weiner 2000.
Family Name: Geo
PS Name: Geo-Oblique
Full Name: Geo Oblique
Style: italic
Weight: 500
Filename: Geo-Oblique-TTF.ttf
Copyright: Copyright (c) 2000-2010, Ben Weiner (ben@readingtype.org.uk), with Reserved Font Name Geo.
Family Name: Geo
PS Name: Geo
Full Name: Geo
Style: normal
Weight: 500
Filename: Geo-Medium.ttf
Copyright: version 1.1a copyright Ben Weiner 2000.
Family Name: Geo
PS Name: Geo-Regular
Full Name: Geo
Style: normal
Weight: 500
Filename: Geo-Regular-TTF.ttf
Copyright: Copyright (c) 2000-2010, Ben Weiner (ben@readingtype.org.uk), with Reserved Font Name Geo.
Family Name: Geo
PS Name: Geo-Regular
Full Name: Geo
Style: normal
Weight: 500
Filename: Geo-Regular.ttf
Copyright: Copyright (c) 2000-2010, Ben Weiner (ben@readingtype.org.uk), with Reserved Font Name Geo.
### (6 of 6) Run tests for METADATA.json
$ fontbakery-check.py metadata METADATA.json
bakery_lint.tests.metadata_test.MetadataSubsetsListTest.test_charset_latin(): OK
bakery_lint.tests.metadata_test.MetadataSubsetsListTest.test_charset_menu(): OK
bakery_lint.tests.metadata_test.MetadataTest.test_description_is_more_than_500b(): OK
bakery_lint.tests.metadata_test.MetadataTest.test_description_is_valid_html(): FAIL
bakery_lint.tests.metadata_test.MetadataTest.test_does_not_familyName_exist_in_daltonmaag_catalogue(): FAIL
bakery_lint.tests.metadata_test.MetadataTest.test_does_not_familyName_exist_in_fontbureau_catalogue(): OK
bakery_lint.tests.metadata_test.MetadataTest.test_does_not_familyName_exist_in_fontscom_catalogue(): OK
bakery_lint.tests.metadata_test.MetadataTest.test_does_not_familyName_exist_in_fontshop_catalogue(): FAIL
bakery_lint.tests.metadata_test.MetadataTest.test_does_not_familyName_exist_in_fontsmith_catalogue(): FAIL
bakery_lint.tests.metadata_test.MetadataTest.test_does_not_familyName_exist_in_houseind_catalogue(): OK
bakery_lint.tests.metadata_test.MetadataTest.test_does_not_familyName_exist_in_myfonts_catalogue(): FAIL
bakery_lint.tests.metadata_test.MetadataTest.test_does_not_familyName_exist_in_veer_catalogue(): OK
bakery_lint.tests.metadata_test.MetadataTest.test_family_is_listed_in_gwf(): OK
bakery_lint.tests.metadata_test.MetadataTest.test_metadata_atleast_latin_menu_subsets_exist(): OK
/home/travis/virtualenv/python2.7.8/lib/python2.7/site-packages/bakery_lint/tests/metadata_test.py:141: UnicodeWarning: Unicode equal comparison failed to convert both arguments to Unicode - interpreting them as being unequal
  self.assertTrue(designer in designers,
bakery_lint.tests.metadata_test.MetadataTest.test_metadata_designer_exists_in_profiles_csv(): OK
bakery_lint.tests.metadata_test.MetadataTest.test_metadata_fonts_items_dicts(): OK
bakery_lint.tests.metadata_test.MetadataTest.test_metadata_fonts_key_list(): OK
bakery_lint.tests.metadata_test.MetadataTest.test_metadata_fonts_no_dupes(): OK
bakery_lint.tests.metadata_test.MetadataTest.test_metadata_has_unique_style_weight_pairs(): OK
bakery_lint.tests.metadata_test.MetadataTest.test_metadata_keys(): OK
bakery_lint.tests.metadata_test.MetadataTest.test_metadata_license(): OK
bakery_lint.tests.metadata_test.MetadataTest.test_metadata_no_unknown_top_keys(): OK
bakery_lint.tests.metadata_test.MetadataTest.test_metadata_subsets_key_list(): OK
bakery_lint.tests.metadata_test.MetadataTest.test_metadata_top_keys_types(): OK
bakery_lint.tests.downstream.test_check_metadata_style_matches_names.CheckItalicStyleMatchesMacStyle.test_check_italic_style_matches_names(): FAIL
bakery_lint.tests.downstream.test_check_metadata_style_matches_names.CheckNormalStyleMatchesMacStyle.test_check_normal_style_matches_names(): OK
bakery_lint.tests.downstream.test_check_familyname_matches_fontnames.CheckFamilyNameMatchesFontNames.test_check_familyname_matches_fontnames(): OK
bakery_lint.tests.downstream.test_metadata_font_copyright.CheckMetadataContainsReservedFontName.test_copyright_contains_correct_rfn(): OK
bakery_lint.tests.downstream.test_metadata_font_copyright.CheckMetadataContainsReservedFontName.test_copyright_is_consistent_across_family(): OK
bakery_lint.tests.downstream.test_metadata_font_copyright.CheckMetadataContainsReservedFontName.test_copyright_matches_pattern(): OK
bakery_lint.tests.downstream.test_metadata_font_copyright.CheckMetadataContainsReservedFontName.test_metadata_copyright_size(): OK
bakery_lint.tests.downstream.test_check_canonical_filenames.CheckCanonicalFilenames.test_check_canonical_filenames(): FAIL
bakery_lint.tests.downstream.test_check_font_name_not_in_camelcase.CheckFontNameNotInCamelCase.test_fontname_not_in_camel_case(): OK
bakery_lint.tests.downstream.test_check_metadata_matches_nametable.CheckMetadataMatchesNameTable.test_check_metadata_matches_nametable(): FAIL
bakery_lint.tests.downstream.test_check_canonical_weights.CheckCanonicalWeights.test_check_canonical_weights(): FAIL
bakery_lint.tests.downstream.test_check_canonical_weights.CheckPostScriptNameMatchesWeight.test_postscriptname_contains_correct_weight(): FAIL
bakery_lint.tests.downstream.test_check_canonical_weights.CheckFontWeightSameAsInMetadata.test_font_weight_same_as_in_metadata(): FAIL
bakery_lint.tests.downstream.test_check_canonical_weights.CheckFullNameEqualCanonicalName.test_metadata_contains_current_font(): OK
bakery_lint.tests.downstream.test_check_glyph_consistency.CheckGlyphConsistencyInFamily.test_the_same_encodings_of_glyphs_across_family(): OK
bakery_lint.tests.downstream.test_check_glyph_consistency.CheckGlyphConsistencyInFamily.test_the_same_names_of_glyphs_across_family(): FAIL
bakery_lint.tests.downstream.test_check_glyph_consistency.CheckGlyphConsistencyInFamily.test_the_same_number_of_glyphs_across_family(): FAIL
bakery_lint.tests.downstream.test_check_canonical_styles.CheckCanonicalStyles.test_check_canonical_styles(): OK
bakery_lint.tests.downstream.test_check_metadata_fields.CheckMetadataFields.test_check_metadata_fields(): OK
bakery_lint.tests.downstream.test_check_files_menu_agreements.CheckFontsMenuAgreements.test_menu_file_agreement(): OK
bakery_lint.tests.downstream.test_check_monospace_agreements.CheckMonospaceAgreement.test_check_monospace_agreement(): OK
bakery_lint.tests.downstream.test_check_menu_contains_proper_glyphs.CheckMenuSubsetContainsProperGlyphs.test_check_menu_contains_proper_glyphs(): FAIL
bakery_lint.tests.downstream.test_check_text_files_exist.CheckTextFilesExist.test_copyrighttxt_exists(): FAIL
bakery_lint.tests.downstream.test_check_text_files_exist.CheckTextFilesExist.test_description_exists(): OK
bakery_lint.tests.downstream.test_check_text_files_exist.CheckTextFilesExist.test_fontlogtxt_exists(): FAIL
bakery_lint.tests.downstream.test_check_text_files_exist.CheckTextFilesExist.test_licensetxt_exists(): FAIL
bakery_lint.tests.downstream.test_check_subsets_exists.CheckSubsetsExist.test_check_subsets_exists(): OK
bakery_lint.tests.downstream.test_metadata_agreements.TestFontOnDiskFamilyEqualToMetadataJSON.test_font_on_disk_family_equal_in_metadata_json(): OK
bakery_lint.tests.downstream.test_metadata_agreements.TestPostScriptNameInMetadataEqualFontOnDisk.test_postscriptname_in_metadata_equal_to_font_on_disk(): FAIL
bakery_lint.tests.downstream.test_metadata_agreements.CheckMetadataAgreements.test_font_name_matches_family(): OK
bakery_lint.tests.downstream.test_metadata_agreements.CheckMetadataAgreements.test_metadata_family_values_are_all_the_same(): OK
bakery_lint.tests.downstream.test_metadata_agreements.CheckMetadataAgreements.test_metadata_filename_matches_postscriptname(): OK
bakery_lint.tests.downstream.test_metadata_agreements.CheckMetadataAgreements.test_metadata_font_have_regular(): OK
bakery_lint.tests.downstream.test_metadata_agreements.CheckMetadataAgreements.test_metadata_fonts_fields_have_fontname(): OK
bakery_lint.tests.downstream.test_metadata_agreements.CheckMetadataAgreements.test_metadata_fullname_is_equal_to_internal_font_fullname(): FAIL
bakery_lint.tests.downstream.test_metadata_agreements.CheckMetadataAgreements.test_metadata_fullname_matches_postScriptName(): FAIL
bakery_lint.tests.downstream.test_metadata_agreements.CheckMetadataAgreements.test_metadata_regular_is_400(): OK
bakery_lint.tests.downstream.test_metadata_agreements.CheckMetadataAgreements.test_metadata_regular_is_normal(): FAIL
{
  "name": "Geo", 
  "designer": "Ben Weiner", 
  "license": "OFL", 
  "visibility": "External", 
  "category": "Sans Serif", 
  "size": 16882, 
  "fonts": [
    {
      "name": "Geo", 
      "postScriptName": "GeoOblique", 
      "fullName": "GeoOblique", 
      "style": "italic", 
      "weight": 500, 
      "filename": "Geo-Oblique.ttf", 
      "copyright": "version 1.1a copyright (c) Ben Weiner 2000."
    }, 
    {
      "name": "Geo", 
      "postScriptName": "Geo-Oblique", 
      "fullName": "Geo Oblique", 
      "style": "italic", 
      "weight": 500, 
      "filename": "Geo-Oblique-TTF.ttf", 
      "copyright": "Copyright (c) 2000-2010, Ben Weiner (ben@readingtype.org.uk), with Reserved Font Name Geo."
    }, 
    {
      "name": "Geo", 
      "postScriptName": "Geo", 
      "fullName": "Geo", 
      "style": "normal", 
      "weight": 500, 
      "filename": "Geo-Medium.ttf", 
      "copyright": "version 1.1a copyright Ben Weiner 2000."
    }, 
    {
      "name": "Geo", 
      "postScriptName": "Geo-Regular", 
      "fullName": "Geo", 
      "style": "normal", 
      "weight": 500, 
      "filename": "Geo-Regular-TTF.ttf", 
      "copyright": "Copyright (c) 2000-2010, Ben Weiner (ben@readingtype.org.uk), with Reserved Font Name Geo."
    }, 
    {
      "name": "Geo", 
      "postScriptName": "Geo-Regular", 
      "fullName": "Geo", 
      "style": "normal", 
      "weight": 500, 
      "filename": "Geo-Regular.ttf", 
      "copyright": "Copyright (c) 2000-2010, Ben Weiner (ben@readingtype.org.uk), with Reserved Font Name Geo."
    }
  ], 
  "subsets": [
    "latin", 
    "menu"
  ], 
  "dateAdded": "2010-11-30"
}
